06-01 06:35:44.829  1729  6827 E AppOpService: java.lang.RuntimeException
06-01 06:35:45.550  8800  8800 E FeatureFlagsImplExport: android.os.flagging.AconfigStorageReadException: ERROR_PACKAGE_NOT_FOUND: package android.xr cannot be found on the device
06-01 06:35:45.820  1729  6827 E AppOpService: java.lang.RuntimeException
06-01 06:35:45.888  1729  6827 E AppOpService: java.lang.RuntimeException
06-01 06:35:45.892  1729  6827 E AppOpService: java.lang.RuntimeException
06-01 06:35:46.080  1729  6827 E AppOpService: java.lang.RuntimeException
06-01 06:35:46.228  8856  8856 D d       : ExceptionHandlerManager not explicitly initialized, using default mode
06-01 06:35:46.228  8856  8856 D d       : initializing exception handler manager, prioritized=true
06-01 06:35:46.393  1729  6827 E AppOpService: java.lang.RuntimeException
06-01 06:35:46.397  1729  6827 E AppOpService: java.lang.RuntimeException
06-01 06:35:46.859  1729  6827 E AppOpService: java.lang.RuntimeException
06-01 06:35:46.905  1729  6827 E AppOpService: java.lang.RuntimeException
06-01 06:35:46.995  1729  6827 E AppOpService: java.lang.RuntimeException
06-01 06:35:47.526  1729  6827 E AppOpService: java.lang.RuntimeException
06-01 06:35:47.823  1729  6827 E AppOpService: java.lang.RuntimeException
06-01 06:35:47.825  1729  6827 E AppOpService: java.lang.RuntimeException
06-01 06:35:48.336  1729  4685 W BinderNative: Uncaught exception from death notification
06-01 06:35:48.336  1729  4685 W BinderNative: java.lang.SecurityException: Specified package "com.google.android.apps.photos" under uid 1000 but it is not
06-01 06:35:49.437  8602  9206 E GoogleApiManager: java.lang.SecurityException: Unknown calling package name 'com.google.android.gms'.
06-01 06:35:49.437  8602  9206 E GoogleApiManager: 	at android.os.Parcel.createExceptionOrNull(Parcel.java:3355)
06-01 06:35:49.437  8602  9206 E GoogleApiManager: 	at android.os.Parcel.createException(Parcel.java:3339)
06-01 06:35:49.437  8602  9206 E GoogleApiManager: 	at android.os.Parcel.readException(Parcel.java:3322)
06-01 06:35:49.437  8602  9206 E GoogleApiManager: 	at android.os.Parcel.readException(Parcel.java:3264)
06-01 06:35:49.535  8602  9206 E GoogleApiManager: java.lang.SecurityException: Unknown calling package name 'com.google.android.gms'.
06-01 06:35:49.535  8602  9206 E GoogleApiManager: 	at android.os.Parcel.createExceptionOrNull(Parcel.java:3355)
06-01 06:35:49.535  8602  9206 E GoogleApiManager: 	at android.os.Parcel.createException(Parcel.java:3339)
06-01 06:35:49.535  8602  9206 E GoogleApiManager: 	at android.os.Parcel.readException(Parcel.java:3322)
06-01 06:35:49.535  8602  9206 E GoogleApiManager: 	at android.os.Parcel.readException(Parcel.java:3264)
06-01 06:35:49.574  8602  9214 W FlagStore: java.util.concurrent.ExecutionException: glrp: 17: 17: API: Phenotype.API is not available on this device. Connection failed with: ConnectionResult{statusCode=DEVELOPER_ERROR, resolution=null, message=null, clientMethodKey=null}
06-01 06:35:49.584  9117  9231 I Finsky:background: [373] SettingNotFoundException, fall through to G.downloadBytesOverMobileMaximum
06-01 06:35:49.599  9117  9231 I Finsky:background: [373] SettingNotFoundException, fall through to G.downloadBytesOverMobileRecommended
06-01 06:35:50.243  9068  9068 I Finsky  : [2] SettingNotFoundException, fall through to G.downloadBytesOverMobileMaximum
06-01 06:35:50.254  1729  6827 E AppOpService: java.lang.RuntimeException
06-01 06:35:50.281  1729  6827 E AppOpService: java.lang.RuntimeException
06-01 06:35:50.285  9068  9068 I Finsky  : [2] SettingNotFoundException, fall through to G.downloadBytesOverMobileRecommended
06-01 06:35:50.293  1729  6827 E AppOpService: java.lang.RuntimeException
06-01 06:35:50.591  1729  6827 E AppOpService: java.lang.RuntimeException
06-01 06:35:50.907  1729  6827 E AppOpService: java.lang.RuntimeException
06-01 06:35:50.914  1729  6827 E AppOpService: java.lang.RuntimeException
06-01 06:35:51.265  1729  6827 E AppOpService: java.lang.RuntimeException
06-01 06:35:51.280  1729  6827 E AppOpService: java.lang.RuntimeException
06-01 06:35:51.283  1729  6827 E AppOpService: java.lang.RuntimeException
06-01 06:35:51.395  1729  6827 E AppOpService: java.lang.RuntimeException
06-01 06:35:51.520  1729  6827 E AppOpService: java.lang.RuntimeException
06-01 06:35:51.523  1729  6827 E AppOpService: java.lang.RuntimeException
06-01 06:35:52.788  1729  1864 E [SS]BattUtils: [readNode]Exception - path:/sys/class/power_supply/battery/batt_read_raw_soc
06-01 06:35:52.788  1729  1864 E [SS]BattUtils: java.io.FileNotFoundException: /sys/class/power_supply/battery/batt_read_raw_soc: open failed: ENOENT (No such file or directory)
06-01 06:35:52.788  1729  1864 E [SS]BattUtils: Caused by: android.system.ErrnoException: open failed: ENOENT (No such file or directory)
06-01 06:35:52.789  1729  1864 E [SS]BattUtils: [readNodeAsInt]NumberFormatException
06-01 06:35:52.798  8602  9175 I WM-WorkerWrapper: androidx.work.impl.WorkerStoppedException
06-01 06:35:57.590  8635  8995 V DuoLog  : Caused by: java.net.ConnectException: Failed to connect to excess.duolingo.com/44.205.215.65:443
06-01 06:35:57.590  8635  8995 V DuoLog  : 	Suppressed: java.net.ConnectException: Failed to connect to excess.duolingo.com/100.28.144.199:443
06-01 06:35:57.590  8635  8995 V DuoLog  : 	Caused by: java.net.ConnectException: failed to connect to excess.duolingo.com/100.28.144.199 (port 443) from /192.168.100.4 (port 35450) after 15000ms: isConnected failed: ECONNABORTED (Software caused connection abort)
06-01 06:35:57.590  8635  8995 V DuoLog  : 	Caused by: android.system.ErrnoException: isConnected failed: ECONNABORTED (Software caused connection abort)
06-01 06:35:57.590  8635  8995 V DuoLog  : 	Suppressed: java.net.ConnectException: Failed to connect to excess.duolingo.com/34.193.202.134:443
06-01 06:35:57.590  8635  8995 V DuoLog  : 	Caused by: java.net.ConnectException: failed to connect to excess.duolingo.com/34.193.202.134 (port 443) from /192.168.100.4 (port 34158) after 15000ms: isConnected failed: ECONNABORTED (Software caused connection abort)
06-01 06:35:57.590  8635  8995 V DuoLog  : 	Caused by: android.system.ErrnoException: isConnected failed: ECONNABORTED (Software caused connection abort)
06-01 06:35:57.590  8635  8995 V DuoLog  : 	Suppressed: java.net.ConnectException: Failed to connect to excess.duolingo.com/54.88.182.242:443
06-01 06:35:57.590  8635  8995 V DuoLog  : 	Caused by: java.net.ConnectException: failed to connect to excess.duolingo.com/54.88.182.242 (port 443) from /192.168.100.4 (port 40900) after 15000ms: isConnected failed: ECONNABORTED (Software caused connection abort)
06-01 06:35:57.591  8635  8995 V DuoLog  : 	Caused by: android.system.ErrnoException: isConnected failed: ECONNABORTED (Software caused connection abort)
06-01 06:35:57.591  8635  8995 V DuoLog  : 	Suppressed: java.net.ConnectException: Failed to connect to excess.duolingo.com/32.199.102.128:443
06-01 06:35:57.591  8635  8995 V DuoLog  : 	Caused by: java.net.ConnectException: failed to connect to excess.duolingo.com/32.199.102.128 (port 443) from /192.168.100.4 (port 50670) after 15000ms: isConnected failed: ECONNABORTED (Software caused connection abort)
06-01 06:35:57.591  8635  8995 V DuoLog  : 	Caused by: android.system.ErrnoException: isConnected failed: ECONNABORTED (Software caused connection abort)
06-01 06:35:57.591  8635  8995 V DuoLog  : 	Suppressed: java.net.ConnectException: Failed to connect to excess.duolingo.com/32.199.21.252:443
06-01 06:35:57.591  8635  8995 V DuoLog  : 	Caused by: java.net.ConnectException: failed to connect to excess.duolingo.com/32.199.21.252 (port 443) from /192.168.100.4 (port 54322) after 15000ms: isConnected failed: ECONNABORTED (Software caused connection abort)
06-01 06:35:57.591  8635  8995 V DuoLog  : 	Caused by: android.system.ErrnoException: isConnected failed: ECONNABORTED (Software caused connection abort)
06-01 06:35:57.591  8635  8995 V DuoLog  : 	Suppressed: java.net.ConnectException: Failed to connect to excess.duolingo.com/52.206.9.255:443
06-01 06:35:57.591  8635  8995 V DuoLog  : 	Caused by: java.net.ConnectException: failed to connect to excess.duolingo.com/52.206.9.255 (port 443) from /192.168.100.4 (port 32998) after 15000ms: isConnected failed: ECONNABORTED (Software caused connection abort)
06-01 06:35:57.591  8635  8995 V DuoLog  : 	Caused by: android.system.ErrnoException: isConnected failed: ECONNABORTED (Software caused connection abort)
06-01 06:35:57.591  8635  8995 V DuoLog  : 	Suppressed: java.net.ConnectException: Failed to connect to excess.duolingo.com/32.196.128.214:443
06-01 06:35:57.591  8635  8995 V DuoLog  : 	Caused by: java.net.ConnectException: failed to connect to excess.duolingo.com/32.196.128.214 (port 443) from /192.168.100.4 (port 51208) after 15000ms: isConnected failed: ECONNABORTED (Software caused connection abort)
06-01 06:35:57.591  8635  8995 V DuoLog  : 	Caused by: android.system.ErrnoException: isConnected failed: ECONNABORTED (Software caused connection abort)
06-01 06:35:57.591  8635  8995 V DuoLog  : Caused by: java.net.ConnectException: failed to connect to excess.duolingo.com/44.205.215.65 (port 443) from /192.168.100.4 (port 45522) after 15000ms: isConnected failed: ECONNABORTED (Software caused connection abort)
06-01 06:35:57.591  8635  8995 V DuoLog  : Caused by: android.system.ErrnoException: isConnected failed: ECONNABORTED (Software caused connection abort)
06-01 06:35:59.394  8602  9206 E GoogleApiManager: java.lang.SecurityException: Unknown calling package name 'com.google.android.gms'.
06-01 06:35:59.394  8602  9206 E GoogleApiManager: 	at android.os.Parcel.createExceptionOrNull(Parcel.java:3355)
06-01 06:35:59.394  8602  9206 E GoogleApiManager: 	at android.os.Parcel.createException(Parcel.java:3339)
06-01 06:35:59.394  8602  9206 E GoogleApiManager: 	at android.os.Parcel.readException(Parcel.java:3322)
06-01 06:35:59.394  8602  9206 E GoogleApiManager: 	at android.os.Parcel.readException(Parcel.java:3264)
06-01 06:35:59.475 27275  8541 W AsyncOperation: OperationException[Status{statusCode=Stale snapshot for com.google.android.gms.phenotype(new configuration available), resolution=null}]
06-01 06:36:02.114  1729  2160 W BinderNative: Uncaught exception from death notification
06-01 06:36:02.114  1729  2160 W BinderNative: java.lang.SecurityException: Specified package "com.google.android.googlequicksearchbox" under uid 1000 but it is not
06-01 06:36:03.698  1729  1864 E [SS]BattUtils: [readNode]Exception - path:/sys/class/power_supply/battery/batt_read_raw_soc
06-01 06:36:03.698  1729  1864 E [SS]BattUtils: java.io.FileNotFoundException: /sys/class/power_supply/battery/batt_read_raw_soc: open failed: ENOENT (No such file or directory)
06-01 06:36:03.698  1729  1864 E [SS]BattUtils: Caused by: android.system.ErrnoException: open failed: ENOENT (No such file or directory)
06-01 06:36:03.698  1729  1864 E [SS]BattUtils: [readNodeAsInt]NumberFormatException
06-01 06:36:56.357  9117  9392 E PlayCommon: [399] Failed to connect to server for server timestamp: java.net.UnknownHostException: Unable to resolve host "play.googleapis.com": No address associated with hostname
06-01 06:37:29.939  1729  2889 W BinderNative: Uncaught exception from death notification
06-01 06:37:29.939  1729  2889 W BinderNative: java.lang.SecurityException: Specified package "com.google.android.googlequicksearchbox" under uid 1000 but it is not
06-01 06:42:29.478  9117  9392 E PlayCommon: [399] Failed to connect to server for server timestamp: java.net.UnknownHostException: Unable to resolve host "play.googleapis.com": No address associated with hostname
06-01 06:53:51.962  9737  9756 I BugleRcs: android.content.pm.PackageManager$NameNotFoundException: com.google.android.ims
06-01 06:54:03.858  9117  9392 E PlayCommon: [399] Failed to connect to server for server timestamp: java.net.UnknownHostException: Unable to resolve host "play.googleapis.com": No address associated with hostname
06-01 06:54:07.549  9737  9773 I BugleRcsJibe: RcsServiceConnectionException was raised while waiting to connect to RcsEngineLifecycleServiceV2
06-01 06:54:07.592  9737  9771 I BugleRcsJibe: RcsServiceConnectionException was raised while waiting to connect to RcsEngineLifecycleServiceV2
06-01 06:54:07.600  9737  9771 I BugleRcsJibe: RcsServiceConnectionException was raised while waiting to connect to RcsEngineLifecycleServiceV2
06-01 06:54:07.610  9737  9773 I BugleRcsJibe: RcsServiceConnectionException was raised while waiting to connect to RcsEngineLifecycleServiceV2
06-01 06:54:07.867  9737  9771 I BugleRcsJibe: RcsServiceConnectionException was raised while waiting to connect to RcsEngineLifecycleServiceV2
06-01 06:54:07.914  9737  9774 I BugleRcsJibe: RcsServiceConnectionException was raised while waiting to connect to RcsEngineLifecycleServiceV2
06-01 06:54:07.942  9737  9838 I BugleRcsJibe: RcsServiceConnectionException was raised while waiting to connect to RcsEngineLifecycleServiceV2
06-01 06:54:07.965  9737  9774 I BugleRcsJibe: RcsServiceConnectionException was raised while waiting to connect to RcsEngineLifecycleServiceV2
06-01 06:58:46.999  1729  1729 D ZenModeHelper: The number of this sound is not in ExceptionContacts. flags=-1 matched=false
06-01 06:58:47.097  1729  1991 D ZenModeHelper: The number of this sound is not in ExceptionContacts. flags=-1 matched=false
06-01 06:58:47.101  1729  1729 D ZenModeHelper: The number of this sound is not in ExceptionContacts. flags=-1 matched=false
06-01 06:58:47.119  1729  1729 D ZenModeHelper: The number of this sound is not in ExceptionContacts. flags=-1 matched=false
06-01 06:58:47.157  1729  1991 D ZenModeHelper: The number of this sound is not in ExceptionContacts. flags=-1 matched=false
06-01 06:58:47.163  1729  1991 D ZenModeHelper: The number of this sound is not in ExceptionContacts. flags=-1 matched=false
06-01 06:58:47.166  1729  1991 D ZenModeHelper: The number of this sound is not in ExceptionContacts. flags=-1 matched=false
06-01 06:58:47.171  1729  1991 D ZenModeHelper: The number of this sound is not in ExceptionContacts. flags=-1 matched=false
06-01 06:58:47.174  1729  1991 D ZenModeHelper: The number of this sound is not in ExceptionContacts. flags=-1 matched=false
06-01 06:58:47.177  1729  1991 D ZenModeHelper: The number of this sound is not in ExceptionContacts. flags=-1 matched=false
06-01 06:58:47.179  1729  1991 D ZenModeHelper: The number of this sound is not in ExceptionContacts. flags=-1 matched=false
06-01 06:58:47.181  1729  1991 D ZenModeHelper: The number of this sound is not in ExceptionContacts. flags=-1 matched=false
06-01 06:58:47.186  1729  1729 D ZenModeHelper: The number of this sound is not in ExceptionContacts. flags=-1 matched=false
06-01 06:58:57.057  1729  1991 D ZenModeHelper: The number of this sound is not in ExceptionContacts. flags=-1 matched=false
06-01 06:58:57.108  1729  1991 D ZenModeHelper: The number of this sound is not in ExceptionContacts. flags=-1 matched=false
06-01 06:58:57.125  1729  1991 D ZenModeHelper: The number of this sound is not in ExceptionContacts. flags=-1 matched=false
06-01 06:58:57.164  1729  1991 D ZenModeHelper: The number of this sound is not in ExceptionContacts. flags=-1 matched=false
06-01 06:58:57.167  1729  1991 D ZenModeHelper: The number of this sound is not in ExceptionContacts. flags=-1 matched=false
06-01 06:58:57.192  1729  1991 D ZenModeHelper: The number of this sound is not in ExceptionContacts. flags=-1 matched=false
06-01 07:00:01.293  1729  1864 E [SS]BattUtils: [readNode]Exception - path:/sys/class/power_supply/battery/batt_read_raw_soc
06-01 07:00:01.293  1729  1864 E [SS]BattUtils: java.io.FileNotFoundException: /sys/class/power_supply/battery/batt_read_raw_soc: open failed: ENOENT (No such file or directory)
06-01 07:00:01.293  1729  1864 E [SS]BattUtils: Caused by: android.system.ErrnoException: open failed: ENOENT (No such file or directory)
06-01 07:00:01.293  1729  1864 E [SS]BattUtils: [readNodeAsInt]NumberFormatException
06-01 07:00:01.453  2176  2176 D PhoneStatusBarPolicy: rule=AutomaticZenRule[enabled=true,name=Sleeping,type=-1,interruptionFilter=2,pkg=android,conditionId=condition://android/schedule?days=1.2.3.4.5.6.7&start=22.0&end=7.0&exitAtAlarm=false,owner=ComponentInfo{android/com.android.server.notification.ScheduleConditionProvider},configActivity=null,creationTime=0,mZenPolicy=ZenPolicy{priorityCategories=[reminders=disallow events=disallow messages=disallow calls=disallow repeatCallers=disallow alarms=allow media=allow system=disallow convs=disallow ], visualEffects=[fullScreenIntent=disallow lights=allow peek=disallow statusBar=allow badge=allow ambient=allow notificationList=allow ], priorityCallsSenders=none, priorityMessagesSenders=none, priorityConversationSenders=none, allowChannels=priority, appBypassDndFlag=unset, appsToBypassDnd={}, exceptionContactsFlag=unset, exceptionContacts={}, isContactsOverridden=false, isAppBypassDndOverridden=false},deviceEffects=null,allowManualInvocation=false,iconResId=0,triggerDescription=null], id=EVERY_NIGHT_DEFAULT_RULE
06-01 07:00:01.472  1729  3020 D NotificationService: isOngoingDismissExceptionPackage - key = com.android.systemui|1006831526|noti_DoNotDisturb
06-01 07:00:06.675  1729  1864 E [SS]BattUtils: [readNode]Exception - path:/sys/class/power_supply/battery/batt_read_raw_soc
06-01 07:00:06.675  1729  1864 E [SS]BattUtils: java.io.FileNotFoundException: /sys/class/power_supply/battery/batt_read_raw_soc: open failed: ENOENT (No such file or directory)
06-01 07:00:06.675  1729  1864 E [SS]BattUtils: Caused by: android.system.ErrnoException: open failed: ENOENT (No such file or directory)
06-01 07:00:06.675  1729  1864 E [SS]BattUtils: [readNodeAsInt]NumberFormatException
06-01 07:00:13.218  7921 10093 I [WEATHER_NETWORK]: <-- HTTP FAILED: java.net.SocketTimeoutException: timeout
06-01 07:00:14.390 10394 10428 E SamsungAccountRepositoryImpl: SARequestException com.samsung.android.app.spage.common.account.p: NoNetworkException
06-01 07:07:05.284  1729  1864 E [SS]BattUtils: [readNode]Exception - path:/sys/class/power_supply/battery/batt_read_raw_soc
06-01 07:07:05.284  1729  1864 E [SS]BattUtils: java.io.FileNotFoundException: /sys/class/power_supply/battery/batt_read_raw_soc: open failed: ENOENT (No such file or directory)
06-01 07:07:05.284  1729  1864 E [SS]BattUtils: Caused by: android.system.ErrnoException: open failed: ENOENT (No such file or directory)
06-01 07:07:05.286  1729  1864 E [SS]BattUtils: [readNodeAsInt]NumberFormatException
06-01 07:07:06.535 10597 10613 E Routine@Core[4.9.04.16]: WearNodeManagerImpl: getNodeOfCompanionWatchSupportModeMirror: onFailure - com.google.android.gms.common.api.ApiException: 17: API: Wearable.API is not available on this device. Connection failed with: ConnectionResult{statusCode=API_UNAVAILABLE, resolution=null, message=null}
06-01 07:07:15.216  1729  1729 E [SS]BattUtils: [readNode]Exception - path:/sys/class/power_supply/battery/batt_read_raw_soc
06-01 07:07:15.216  1729  1729 E [SS]BattUtils: java.io.FileNotFoundException: /sys/class/power_supply/battery/batt_read_raw_soc: open failed: ENOENT (No such file or directory)
06-01 07:07:15.216  1729  1729 E [SS]BattUtils: Caused by: android.system.ErrnoException: open failed: ENOENT (No such file or directory)
06-01 07:07:15.216  1729  1729 E [SS]BattUtils: [readNodeAsInt]NumberFormatException
06-01 07:07:15.225  1729  1729 E [SS]BattUtils: [readNode]Exception - path:/sys/class/power_supply/battery/batt_read_raw_soc
06-01 07:07:15.225  1729  1729 E [SS]BattUtils: java.io.FileNotFoundException: /sys/class/power_supply/battery/batt_read_raw_soc: open failed: ENOENT (No such file or directory)
06-01 07:07:15.225  1729  1729 E [SS]BattUtils: Caused by: android.system.ErrnoException: open failed: ENOENT (No such file or directory)
06-01 07:07:15.225  1729  1729 E [SS]BattUtils: [readNodeAsInt]NumberFormatException
06-01 07:07:17.239  1729  1742 W BinderNative: Uncaught exception from death notification
06-01 07:07:17.239  1729  1742 W BinderNative: java.lang.SecurityException: Specified package "com.google.android.googlequicksearchbox" under uid 1000 but it is not
06-01 07:19:54.244  1729  1729 E [SS]BattUtils: [readNode]Exception - path:/sys/class/power_supply/battery/batt_read_raw_soc
06-01 07:19:54.244  1729  1729 E [SS]BattUtils: java.io.FileNotFoundException: /sys/class/power_supply/battery/batt_read_raw_soc: open failed: ENOENT (No such file or directory)
06-01 07:19:54.244  1729  1729 E [SS]BattUtils: Caused by: android.system.ErrnoException: open failed: ENOENT (No such file or directory)
06-01 07:19:54.245  1729  1729 E [SS]BattUtils: [readNodeAsInt]NumberFormatException
06-01 07:19:54.252  1729  1729 E [SS]BattUtils: [readNode]Exception - path:/sys/class/power_supply/battery/batt_read_raw_soc
06-01 07:19:54.252  1729  1729 E [SS]BattUtils: java.io.FileNotFoundException: /sys/class/power_supply/battery/batt_read_raw_soc: open failed: ENOENT (No such file or directory)
06-01 07:19:54.252  1729  1729 E [SS]BattUtils: Caused by: android.system.ErrnoException: open failed: ENOENT (No such file or directory)
06-01 07:19:54.252  1729  1729 E [SS]BattUtils: [readNodeAsInt]NumberFormatException
06-01 07:19:54.256  1729  1729 E [SS]BattUtils: [readNode]Exception - path:/sys/class/power_supply/battery/batt_read_raw_soc
06-01 07:19:54.256  1729  1729 E [SS]BattUtils: java.io.FileNotFoundException: /sys/class/power_supply/battery/batt_read_raw_soc: open failed: ENOENT (No such file or directory)
06-01 07:19:54.256  1729  1729 E [SS]BattUtils: Caused by: android.system.ErrnoException: open failed: ENOENT (No such file or directory)
06-01 07:19:54.256  1729  1729 E [SS]BattUtils: [readNodeAsInt]NumberFormatException
06-01 07:19:54.259  1729  1729 E [SS]BattUtils: [readNode]Exception - path:/sys/class/power_supply/battery/batt_read_raw_soc
06-01 07:19:54.259  1729  1729 E [SS]BattUtils: java.io.FileNotFoundException: /sys/class/power_supply/battery/batt_read_raw_soc: open failed: ENOENT (No such file or directory)
06-01 07:19:54.259  1729  1729 E [SS]BattUtils: Caused by: android.system.ErrnoException: open failed: ENOENT (No such file or directory)
06-01 07:19:54.259  1729  1729 E [SS]BattUtils: [readNodeAsInt]NumberFormatException
06-01 07:19:54.261  1729  1729 E [SS]BattUtils: [readNode]Exception - path:/sys/class/power_supply/battery/batt_read_raw_soc
06-01 07:19:54.261  1729  1729 E [SS]BattUtils: java.io.FileNotFoundException: /sys/class/power_supply/battery/batt_read_raw_soc: open failed: ENOENT (No such file or directory)
06-01 07:19:54.261  1729  1729 E [SS]BattUtils: Caused by: android.system.ErrnoException: open failed: ENOENT (No such file or directory)
06-01 07:19:54.262  1729  1729 E [SS]BattUtils: [readNodeAsInt]NumberFormatException
06-01 07:19:54.897 11125 11175 I BugleRcs: android.content.pm.PackageManager$NameNotFoundException: com.google.android.ims
06-01 07:19:54.975 11125 11183 I BugleRcsJibe: RcsServiceConnectionException was raised while waiting to connect to RcsEngineLifecycleServiceV2
06-01 07:19:54.981 11125 11190 I BugleRcsJibe: RcsServiceConnectionException was raised while waiting to connect to RcsEngineLifecycleServiceV2
06-01 07:19:54.997 11125 11189 I BugleRcsJibe: RcsServiceConnectionException was raised while waiting to connect to RcsEngineLifecycleServiceV2
06-01 07:19:55.008 11125 11183 I BugleRcsJibe: RcsServiceConnectionException was raised while waiting to connect to RcsEngineLifecycleServiceV2
06-01 07:19:55.020 11125 11189 I BugleRcsJibe: RcsServiceConnectionException was raised while waiting to connect to RcsEngineLifecycleServiceV2
06-01 07:19:56.089  1729  1729 E [SS]BattUtils: [writeNode]Exception:java.io.FileNotFoundException: /sys/class/power_supply/battery/lcd: open failed: EACCES (Permission denied)
06-01 07:19:56.089  1729  1729 W System.err: java.io.FileNotFoundException: /sys/class/power_supply/battery/lcd: open failed: EACCES (Permission denied)
06-01 07:19:56.090  1729  1729 W System.err: Caused by: android.system.ErrnoException: open failed: EACCES (Permission denied)
06-01 07:19:56.180 27275 11126 E LoadedApk: Exception : java.lang.NullPointerException: Attempt to invoke virtual method 'boolean android.os.Looper.isPerfLogEnable()' on a null object reference
06-01 07:19:56.323 27275 11118 E LoadedApk: Exception : java.lang.NullPointerException: Attempt to invoke virtual method 'boolean android.os.Looper.isPerfLogEnable()' on a null object reference
06-01 07:19:56.342 27275 11118 E LoadedApk: Exception : java.lang.NullPointerException: Attempt to invoke virtual method 'boolean android.os.Looper.isPerfLogEnable()' on a null object reference
06-01 07:19:58.273 11296 11340 W C       : Unmapping is not supported on this platform, because internal Java APIs are not compatible with this Lucene version: java.lang.NoSuchMethodException: invokeCleaner [class java.nio.ByteBuffer]
06-01 07:20:02.306  2176  3399 W FileUtils: Failed to chown(/data/log/locksettings/summary/VRequestor.log): android.system.ErrnoException: chown failed: EPERM (Operation not permitted)
06-01 07:20:02.972  1729  1756 E [SS]BattUtils: [readNode]Exception - path:/sys/class/power_supply/battery/batt_read_raw_soc
06-01 07:20:02.972  1729  1756 E [SS]BattUtils: java.io.FileNotFoundException: /sys/class/power_supply/battery/batt_read_raw_soc: open failed: ENOENT (No such file or directory)
06-01 07:20:02.972  1729  1756 E [SS]BattUtils: Caused by: android.system.ErrnoException: open failed: ENOENT (No such file or directory)
06-01 07:20:02.972  1729  1756 E [SS]BattUtils: [readNodeAsInt]NumberFormatException
06-01 07:20:02.975  1729  1756 E [SS]BattUtils: [readNode]Exception - path:/sys/class/power_supply/battery/batt_read_raw_soc
06-01 07:20:02.975  1729  1756 E [SS]BattUtils: java.io.FileNotFoundException: /sys/class/power_supply/battery/batt_read_raw_soc: open failed: ENOENT (No such file or directory)
06-01 07:20:02.975  1729  1756 E [SS]BattUtils: Caused by: android.system.ErrnoException: open failed: ENOENT (No such file or directory)
06-01 07:20:02.975  1729  1756 E [SS]BattUtils: [readNodeAsInt]NumberFormatException
06-01 07:20:02.977  1729  1756 E [SS]BattUtils: [readNode]Exception - path:/sys/class/power_supply/battery/batt_read_raw_soc
06-01 07:20:02.977  1729  1756 E [SS]BattUtils: java.io.FileNotFoundException: /sys/class/power_supply/battery/batt_read_raw_soc: open failed: ENOENT (No such file or directory)
06-01 07:20:02.977  1729  1756 E [SS]BattUtils: Caused by: android.system.ErrnoException: open failed: ENOENT (No such file or directory)
06-01 07:20:02.977  1729  1756 E [SS]BattUtils: [readNodeAsInt]NumberFormatException
06-01 07:20:03.487 27275 11117 I NearbyMediums: (REDACTED) Querying wifi usable channels failed with exception
06-01 07:20:03.487 27275 11117 I NearbyMediums: java.lang.SecurityException: Location mode is disabled for the device
06-01 07:20:03.487 27275 11117 I NearbyMediums: 	at android.os.Parcel.createExceptionOrNull(Parcel.java:3355)
06-01 07:20:03.487 27275 11117 I NearbyMediums: 	at android.os.Parcel.createException(Parcel.java:3339)
06-01 07:20:03.487 27275 11117 I NearbyMediums: 	at android.os.Parcel.readException(Parcel.java:3322)
06-01 07:20:03.487 27275 11117 I NearbyMediums: 	at android.os.Parcel.readException(Parcel.java:3264)
06-01 07:20:03.487 27275 11117 I NearbyMediums: Caused by: android.os.RemoteException: Remote stack trace:
06-01 07:20:03.616  1729  1971 E WifiStaIfaceAidlImpl: setDtimMultiplier failed with service-specific exception: android.os.ServiceSpecificException:  (code 4)
06-01 07:20:09.913 11125 11190 I BugleRcsJibe: RcsServiceConnectionException was raised while waiting to connect to RcsEngineLifecycleServiceV2
06-01 07:20:10.063 11125 11172 I BugleRcsJibe: RcsServiceConnectionException was raised while waiting to connect to RcsEngineLifecycleServiceV2
06-01 07:20:10.080 11125 11163 I BugleRcsJibe: RcsServiceConnectionException was raised while waiting to connect to RcsEngineLifecycleServiceV2
06-01 07:20:10.088 11125 11172 I BugleRcsJibe: RcsServiceConnectionException was raised while waiting to connect to RcsEngineLifecycleServiceV2
06-01 07:20:10.095 11125 11190 I BugleRcsJibe: RcsServiceConnectionException was raised while waiting to connect to RcsEngineLifecycleServiceV2
06-01 07:20:44.371 11928 12023 E GoogleApiManager: java.lang.SecurityException: Unknown calling package name 'com.google.android.gms'.
06-01 07:20:44.371 11928 12023 E GoogleApiManager: 	at android.os.Parcel.createExceptionOrNull(Parcel.java:3355)
06-01 07:20:44.371 11928 12023 E GoogleApiManager: 	at android.os.Parcel.createException(Parcel.java:3339)
06-01 07:20:44.371 11928 12023 E GoogleApiManager: 	at android.os.Parcel.readException(Parcel.java:3322)
06-01 07:20:44.371 11928 12023 E GoogleApiManager: 	at android.os.Parcel.readException(Parcel.java:3264)
06-01 07:20:44.383 11928 12023 E GoogleApiManager: java.lang.SecurityException: Unknown calling package name 'com.google.android.gms'.
06-01 07:20:44.383 11928 12023 E GoogleApiManager: 	at android.os.Parcel.createExceptionOrNull(Parcel.java:3355)
06-01 07:20:44.383 11928 12023 E GoogleApiManager: 	at android.os.Parcel.createException(Parcel.java:3339)
06-01 07:20:44.383 11928 12023 E GoogleApiManager: 	at android.os.Parcel.readException(Parcel.java:3322)
06-01 07:20:44.383 11928 12023 E GoogleApiManager: 	at android.os.Parcel.readException(Parcel.java:3264)
06-01 07:20:44.390 11928 12023 E GoogleApiManager: java.lang.SecurityException: Unknown calling package name 'com.google.android.gms'.
06-01 07:20:44.390 11928 12023 E GoogleApiManager: 	at android.os.Parcel.createExceptionOrNull(Parcel.java:3355)
06-01 07:20:44.390 11928 12023 E GoogleApiManager: 	at android.os.Parcel.createException(Parcel.java:3339)
06-01 07:20:44.390 11928 12023 E GoogleApiManager: 	at android.os.Parcel.readException(Parcel.java:3322)
06-01 07:20:44.390 11928 12023 E GoogleApiManager: 	at android.os.Parcel.readException(Parcel.java:3264)
06-01 07:20:44.393 11928 12027 W FlagStore: java.util.concurrent.ExecutionException: glrp: 17: 17: API: Phenotype.API is not available on this device. Connection failed with: ConnectionResult{statusCode=DEVELOPER_ERROR, resolution=null, message=null, clientMethodKey=null}
06-01 07:20:45.372 12059 12059 E FeatureFlagsImplExport: android.os.flagging.AconfigStorageReadException: ERROR_PACKAGE_NOT_FOUND: package android.xr cannot be found on the device
06-01 07:20:47.939 11776 11838 I Finsky  : [362] SettingNotFoundException, fall through to G.downloadBytesOverMobileMaximum
06-01 07:20:47.940 11776 11838 I Finsky  : [362] SettingNotFoundException, fall through to G.downloadBytesOverMobileRecommended
06-01 07:20:48.288 12132 12162 I Finsky:background: [371] SettingNotFoundException, fall through to G.downloadBytesOverMobileMaximum
06-01 07:20:48.302 12132 12162 I Finsky:background: [371] SettingNotFoundException, fall through to G.downloadBytesOverMobileRecommended
06-01 07:20:53.632 20464 20464 V InputMethodManagerUtils: getMaxLengthForEditText InputFilter = java.lang.NoSuchMethodException: X.1vE.getMaxLength []
06-01 07:20:54.386 11928 12023 E GoogleApiManager: java.lang.SecurityException: Unknown calling package name 'com.google.android.gms'.
06-01 07:20:54.386 11928 12023 E GoogleApiManager: 	at android.os.Parcel.createExceptionOrNull(Parcel.java:3355)
06-01 07:20:54.386 11928 12023 E GoogleApiManager: 	at android.os.Parcel.createException(Parcel.java:3339)
06-01 07:20:54.386 11928 12023 E GoogleApiManager: 	at android.os.Parcel.readException(Parcel.java:3322)
06-01 07:20:54.386 11928 12023 E GoogleApiManager: 	at android.os.Parcel.readException(Parcel.java:3264)
06-01 07:21:06.584 20464 20464 V InputMethodManagerUtils: getMaxLengthForEditText InputFilter = java.lang.NoSuchMethodException: X.1vE.getMaxLength []
06-01 07:21:07.669  1362 12404 V NuPlayer: checkOffloadExceptions is true, call canOffloadStream
06-01 07:21:07.679  1362 12404 V NuPlayer: checkOffloadExceptions is true, call canOffloadStream
06-01 07:21:28.821 12475 12475 E IAPIntegrationHelper: com.alipay.iap.android.wallet.acl.WalletServiceManager$ServiceNotFoundException: Service is not found
06-01 07:21:28.829 27275 11819 W AsyncOperation: OperationException[Status{statusCode=Stale snapshot for com.google.android.gms.measurement#com.safaricom.mpesa.lifestyle(new configuration available), resolution=null}]
06-01 07:21:28.853 12475 12475 D ExtHubProxy: DefaultImpl instantiate exception!com.alibaba.exthub.extension.BridgeExtensionRegistryImpl
06-01 07:21:29.005 12475 12572 W Rpc-BaseRpcFacadeInvoker: Cannot invoke rpc with UrlTransport! operationType = ap.mobileamcs.cloud.fetch.config, message = java.net.UnknownHostException: Unable to resolve host "imgs-ac.alipay.com": No address associated with hostname
06-01 07:21:29.007 12475 12572 D Amcs-ConfigFetchTask: [RpcFetchTask] Fetch config failed! errorCode = 5000, errorMessage = java.net.UnknownHostException: Unable to resolve host "imgs-ac.alipay.com": No address associated with hostname, duration = 171.
06-01 07:21:29.007 12475 12572 E Amcs-FetchScheduler: [RpcFetchTask] Fetch failed! mCurrentTaskIndex = 0, error: errorCode = 5000, errorMessage = java.net.UnknownHostException: Unable to resolve host "imgs-ac.alipay.com": No address associated with hostname
06-01 07:21:29.492 12475 12475 W System.err: com.google.firebase.remoteconfig.FirebaseRemoteConfigClientException: The client had an error while calling the backend!
06-01 07:21:29.495 12475 12475 W System.err: Caused by: java.net.UnknownHostException: Unable to resolve host "firebaseremoteconfig.googleapis.com": No address associated with hostname
06-01 07:21:29.496 12475 12475 W System.err: Caused by: android.system.GaiException: android_getaddrinfo failed: EAI_NODATA (No address associated with hostname)
06-01 07:23:09.425 12849 12953 E GoogleApiManager: java.lang.SecurityException: Unknown calling package name 'com.google.android.gms'.
06-01 07:23:09.425 12849 12953 E GoogleApiManager: 	at android.os.Parcel.createExceptionOrNull(Parcel.java:3355)
06-01 07:23:09.425 12849 12953 E GoogleApiManager: 	at android.os.Parcel.createException(Parcel.java:3339)
06-01 07:23:09.425 12849 12953 E GoogleApiManager: 	at android.os.Parcel.readException(Parcel.java:3322)
06-01 07:23:09.425 12849 12953 E GoogleApiManager: 	at android.os.Parcel.readException(Parcel.java:3264)
06-01 07:23:09.436 12849 12953 E GoogleApiManager: java.lang.SecurityException: Unknown calling package name 'com.google.android.gms'.
06-01 07:23:09.436 12849 12953 E GoogleApiManager: 	at android.os.Parcel.createExceptionOrNull(Parcel.java:3355)
06-01 07:23:09.436 12849 12953 E GoogleApiManager: 	at android.os.Parcel.createException(Parcel.java:3339)
06-01 07:23:09.436 12849 12953 E GoogleApiManager: 	at android.os.Parcel.readException(Parcel.java:3322)
06-01 07:23:09.436 12849 12953 E GoogleApiManager: 	at android.os.Parcel.readException(Parcel.java:3264)
06-01 07:23:09.441 12849 12955 W FlagStore: java.util.concurrent.ExecutionException: glrp: 17: 17: API: Phenotype.API is not available on this device. Connection failed with: ConnectionResult{statusCode=DEVELOPER_ERROR, resolution=null, message=null, clientMethodKey=null}
06-01 07:23:12.228  1362 13029 V NuPlayer: checkOffloadExceptions is true, call canOffloadStream
06-01 07:23:12.231  1362 13029 V NuPlayer: checkOffloadExceptions is true, call canOffloadStream
06-01 07:23:19.437 12849 12953 E GoogleApiManager: java.lang.SecurityException: Unknown calling package name 'com.google.android.gms'.
06-01 07:23:19.437 12849 12953 E GoogleApiManager: 	at android.os.Parcel.createExceptionOrNull(Parcel.java:3355)
06-01 07:23:19.437 12849 12953 E GoogleApiManager: 	at android.os.Parcel.createException(Parcel.java:3339)
06-01 07:23:19.437 12849 12953 E GoogleApiManager: 	at android.os.Parcel.readException(Parcel.java:3322)
06-01 07:23:19.437 12849 12953 E GoogleApiManager: 	at android.os.Parcel.readException(Parcel.java:3264)
06-01 07:26:57.537 20464 20658 E msys    : E[N data-request]_HandleDataResponse(2111)=>Data request error for task 96133BFC-DFA9-479D-B518-482308E7ABCA (response type 1): java.net.SocketTimeoutException: failed to connect to /57.144.139.32 (port 443) from /192.168.100.4 (port 41562) after 60000ms
06-01 07:27:57.644 20464 20658 E msys    : E[N data-request]_HandleDataResponse(2111)=>Data request error for task 0B6C22A0-EBB9-408B-884F-99C61D71B5D6 (response type 1): java.net.SocketTimeoutException: failed to connect to /102.132.99.60 (port 443) from /192.168.100.4 (port 42602) after 60000ms
06-01 07:27:57.656 20464 20658 E msys    : E[N data-request]_HandleDataResponse(2111)=>Data request error for task 0AF02D39-352B-4790-A0F3-28F761475C38 (response type 1): java.net.UnknownHostException: Unable to resolve host "dit.whatsapp.net": No address associated with hostname
06-01 07:29:14.081 13586 13611 W Gallery : [  14:PackageMonitorCompat] getPackageInfo failed e=android.content.pm.PackageManager$NameNotFoundException com.samsung.ipservice
06-01 07:29:28.209 24375 24726 W doej    : java.io.FileNotFoundException: /proc/24375/dmabuf_rss: open failed: ENOENT (No such file or directory)
06-01 07:29:28.209 24375 24726 W doej    : Caused by: android.system.ErrnoException: open failed: ENOENT (No such file or directory)
06-01 07:29:28.212 24375 24726 W doej    : java.io.FileNotFoundException: /proc/24375/dmabuf_rss_hwm: open failed: ENOENT (No such file or directory)
06-01 07:29:28.212 24375 24726 W doej    : Caused by: android.system.ErrnoException: open failed: ENOENT (No such file or directory)
06-01 07:29:28.214 24375 24726 W doej    : java.io.FileNotFoundException: /proc/24375/dmabuf_pss: open failed: ENOENT (No such file or directory)
06-01 07:29:28.214 24375 24726 W doej    : Caused by: android.system.ErrnoException: open failed: ENOENT (No such file or directory)
06-01 07:30:04.870 13853 13853 E LoadedApk: java.lang.ClassNotFoundException: Didn't find class "com.sec.android.app.camera.camera" on path: DexPathList[[zip file "/system/priv-app/SamSungCamera/SamSungCamera.apk"],nativeLibraryDirectories=[/system/priv-app/SamSungCamera/lib/arm64, /system/priv-app/SamSungCamera/SamSungCamera.apk!/lib/arm64-v8a, /system/lib64, /system_ext/lib64, /system/lib64, /system_ext/lib64]]
06-01 07:30:04.961 13853 13853 W System.err: java.lang.NoSuchFieldException: QUALITY_2k
06-01 07:32:31.556 27275 14307 I NearbyMediums: (REDACTED) Querying wifi usable channels failed with exception
06-01 07:32:31.556 27275 14307 I NearbyMediums: java.lang.SecurityException: Location mode is disabled for the device
06-01 07:32:31.556 27275 14307 I NearbyMediums: 	at android.os.Parcel.createExceptionOrNull(Parcel.java:3355)
06-01 07:32:31.556 27275 14307 I NearbyMediums: 	at android.os.Parcel.createException(Parcel.java:3339)
06-01 07:32:31.556 27275 14307 I NearbyMediums: 	at android.os.Parcel.readException(Parcel.java:3322)
06-01 07:32:31.556 27275 14307 I NearbyMediums: 	at android.os.Parcel.readException(Parcel.java:3264)
06-01 07:32:31.556 27275 14307 I NearbyMediums: Caused by: android.os.RemoteException: Remote stack trace:
06-01 07:32:31.556  1729  1971 E WifiStaIfaceAidlImpl: setDtimMultiplier failed with service-specific exception: android.os.ServiceSpecificException:  (code 4)
06-01 07:32:31.642  1729  1971 E WifiStaIfaceAidlImpl: setDtimMultiplier failed with service-specific exception: android.os.ServiceSpecificException:  (code 4)
06-01 07:34:25.429 27275 14425 I NearbySharing: java.lang.InterruptedException
06-01 07:34:25.439  1729  1971 E WifiStaIfaceAidlImpl: setDtimMultiplier failed with service-specific exception: android.os.ServiceSpecificException:  (code 4)
06-01 07:34:25.507 27275 14474 I NearbyMediums: (REDACTED) Querying wifi usable channels failed with exception
06-01 07:34:25.507 27275 14474 I NearbyMediums: java.lang.SecurityException: Location mode is disabled for the device
06-01 07:34:25.507 27275 14474 I NearbyMediums: 	at android.os.Parcel.createExceptionOrNull(Parcel.java:3355)
06-01 07:34:25.507 27275 14474 I NearbyMediums: 	at android.os.Parcel.createException(Parcel.java:3339)
06-01 07:34:25.507 27275 14474 I NearbyMediums: 	at android.os.Parcel.readException(Parcel.java:3322)
06-01 07:34:25.507 27275 14474 I NearbyMediums: 	at android.os.Parcel.readException(Parcel.java:3264)
06-01 07:34:25.507 27275 14474 I NearbyMediums: Caused by: android.os.RemoteException: Remote stack trace:
06-01 07:34:25.562  1729  1971 E WifiStaIfaceAidlImpl: setDtimMultiplier failed with service-specific exception: android.os.ServiceSpecificException:  (code 4)
06-01 07:35:01.840 14541 14541 D nativeloader: Load /data/app/~~cOkbdy8NVn8kNb-70Mbs2g==/com.fikishwa.driver-6HFNS3UrLE24pUPp62-tSw==/base.apk!/lib/arm64-v8a/libreactnative.so using class loader ns clns-9 (caller=/data/app/~~cOkbdy8NVn8kNb-70Mbs2g==/com.fikishwa.driver-6HFNS3UrLE24pUPp62-tSw==/base.apk!classes2.dex): ok
06-01 07:35:01.841 14541 14541 D jni_lib_merge: Preparing to register libreactnativeblob_so.  onload_func: 0x7c1d8655b0
06-01 07:35:01.841 14541 14541 D jni_lib_merge: Preparing to register libreactnativejni_so.  onload_func: 0x7c1d87fb24
06-01 07:35:01.841 14541 14541 D jni_lib_merge: Preparing to register libreactnativejni_common_so.  onload_func: 0x7c1d886458
06-01 07:35:01.855 14541 14541 D jni_lib_merge: Preparing to register libreactnativeblob_so.  onload_func: 0x7c1d8655b0
06-01 07:35:01.855 14541 14541 D jni_lib_merge: Preparing to register libreactnativejni_so.  onload_func: 0x7c1d87fb24
06-01 07:35:01.855 14541 14541 D jni_lib_merge: Preparing to register libreactnativejni_common_so.  onload_func: 0x7c1d886458
06-01 07:35:01.862 14541 14541 D jni_lib_merge: Preparing to register libreactnativeblob_so.  onload_func: 0x7c1d8655b0
06-01 07:35:01.862 14541 14541 D jni_lib_merge: Preparing to register libreactnativejni_so.  onload_func: 0x7c1d87fb24
06-01 07:35:01.862 14541 14541 D jni_lib_merge: Preparing to register libreactnativejni_common_so.  onload_func: 0x7c1d886458
06-01 07:35:13.969  2176 14665 W MediaPlayer: java.io.FileNotFoundException: No content provider: system/media/audio/ui/ChargingStarted.ogg
06-01 07:35:14.009  1362 14667 V NuPlayer: checkOffloadExceptions is true, call canOffloadStream
06-01 07:35:14.011  1362 14667 V NuPlayer: checkOffloadExceptions is true, call canOffloadStream
06-01 07:35:14.426  1729  4321 W BinderNative: Uncaught exception from death notification
06-01 07:35:14.426  1729  4321 W BinderNative: java.lang.SecurityException: Specified package "com.google.android.googlequicksearchbox" under uid 1000 but it is not
06-01 07:35:54.208 14857 14857 W EarlyExceptionHandler: Early UncaughtException handler initialized
06-01 07:35:55.165  1729  6827 E AppOpService: java.lang.RuntimeException
06-01 07:35:55.168  1729  6827 E AppOpService: java.lang.RuntimeException
06-01 07:35:55.169  1729  6827 E AppOpService: java.lang.RuntimeException
06-01 07:35:55.185  1729  6827 E AppOpService: java.lang.RuntimeException
06-01 07:35:55.372  1729  6827 E AppOpService: java.lang.RuntimeException
06-01 07:35:55.373  1729  6827 E AppOpService: java.lang.RuntimeException
06-01 07:35:55.513 14921 14921 E FeatureFlagsImplExport: android.os.flagging.AconfigStorageReadException: ERROR_PACKAGE_NOT_FOUND: package android.xr cannot be found on the device
06-01 07:35:55.728 14905 14905 I Finsky  : [2] SettingNotFoundException, fall through to G.downloadBytesOverMobileMaximum
06-01 07:35:55.729 14905 14905 I Finsky  : [2] SettingNotFoundException, fall through to G.downloadBytesOverMobileRecommended
06-01 07:35:55.845 14973 15007 I Finsky:background: [370] SettingNotFoundException, fall through to G.downloadBytesOverMobileMaximum
06-01 07:35:55.847 14973 15007 I Finsky:background: [370] SettingNotFoundException, fall through to G.downloadBytesOverMobileRecommended
06-01 07:37:01.739 15263 15263 D nativeloader: Load /data/app/~~5JpUA9X_nIcQ7cNGnUgFVw==/host.exp.exponent-hULEdcUDFNEdAi_8dvurkQ==/split_config.arm64_v8a.apk!/lib/arm64-v8a/libreactnative.so using class loader ns clns-9 (caller=/data/app/~~5JpUA9X_nIcQ7cNGnUgFVw==/host.exp.exponent-hULEdcUDFNEdAi_8dvurkQ==/base.apk!classes2.dex): ok
06-01 07:37:01.739 15263 15263 D jni_lib_merge: Preparing to register libreactnativeblob_so.  onload_func: 0x7c01266260
06-01 07:37:01.739 15263 15263 D jni_lib_merge: Preparing to register libreactnativejni_so.  onload_func: 0x7c01280abc
06-01 07:37:01.739 15263 15263 D jni_lib_merge: Preparing to register libreactnativejni_common_so.  onload_func: 0x7c012870d8
06-01 07:37:01.754 15263 15263 D jni_lib_merge: Preparing to register libreactnativeblob_so.  onload_func: 0x7c01266260
06-01 07:37:01.754 15263 15263 D jni_lib_merge: Preparing to register libreactnativejni_so.  onload_func: 0x7c01280abc
06-01 07:37:01.754 15263 15263 D jni_lib_merge: Preparing to register libreactnativejni_common_so.  onload_func: 0x7c012870d8
06-01 07:37:01.761 15263 15263 D jni_lib_merge: Preparing to register libreactnativeblob_so.  onload_func: 0x7c01266260
06-01 07:37:01.761 15263 15263 D jni_lib_merge: Preparing to register libreactnativejni_so.  onload_func: 0x7c01280abc
06-01 07:37:01.761 15263 15263 D jni_lib_merge: Preparing to register libreactnativejni_common_so.  onload_func: 0x7c012870d8
06-01 07:37:01.778 15263 15263 D jni_lib_merge: Preparing to register libreactnativeblob_so.  onload_func: 0x7c01266260
06-01 07:37:01.778 15263 15263 D jni_lib_merge: Preparing to register libreactnativejni_so.  onload_func: 0x7c01280abc
06-01 07:37:01.778 15263 15263 D jni_lib_merge: Preparing to register libreactnativejni_common_so.  onload_func: 0x7c012870d8
06-01 07:37:01.782 15263 15263 D nativeloader: Load /data/app/~~5JpUA9X_nIcQ7cNGnUgFVw==/host.exp.exponent-hULEdcUDFNEdAi_8dvurkQ==/split_config.arm64_v8a.apk!/lib/arm64-v8a/libreact_codegen_reactnativekeyboardcontroller.so using class loader ns clns-9 (caller=/data/app/~~5JpUA9X_nIcQ7cNGnUgFVw==/host.exp.exponent-hULEdcUDFNEdAi_8dvurkQ==/base.apk!classes2.dex): ok
06-01 07:37:01.782 15263 15263 D jni_lib_merge: Preparing to register libreactnativeblob_so.  onload_func: 0x7c01266260
06-01 07:37:01.782 15263 15263 D jni_lib_merge: Preparing to register libreactnativejni_so.  onload_func: 0x7c01280abc
06-01 07:37:01.782 15263 15263 D jni_lib_merge: Preparing to register libreactnativejni_common_so.  onload_func: 0x7c012870d8
06-01 07:37:02.154 15263 15363 D ConnectivityManager: StackLog: [android.net.ConnectivityManager.sendRequestForNetwork(ConnectivityManager.java:4740)] [android.net.ConnectivityManager.registerDefaultNetworkCallbackForUid(ConnectivityManager.java:5465)] [android.net.ConnectivityManager.registerDefaultNetworkCallback(ConnectivityManager.java:5432)] [android.net.ConnectivityManager.registerDefaultNetworkCallback(ConnectivityManager.java:5406)] [g6.r$d.b(SourceFile:32)] [g6.r.b(SourceFile:16)] [g6.r.d(SourceFile:7)] [g6.d.a(SourceFile:9)] [g6.d.onStart(SourceFile:1)] [g6.a.b(SourceFile:1)] [com.bumptech.glide.m.<init>(SourceFile:18)] [com.bumptech.glide.m.<init>(SourceFile:3)] [expo.modules.image.GlideRequests.<init>(SourceFile:1)] [com.bumptech.glide.a.a(SourceFile:3)] [g6.o.j(SourceFile:34)] [g6.o.f(SourceFile:50)] [com.bumptech.glide.c.D(SourceFile:5)] [com.reactnativestripesdk.pushprovisioning.AddToWalletButtonManager.<init>(SourceFile:16)] [com.reactnativestripesdk.x0.createViewManagers(SourceFile:33)] [versioned.host.exp.exponent.ExponentPackage.addViewManagersFromPackages(SourceFile:17)] [versioned.host.exp.exponent.ExponentPackage.createViewManagers(SourceFile:148)] [com.facebook.react.runtime.ReactInstance$BridgelessViewManagerResolver.getEagerViewManagerMap(SourceFile:49)] [com.facebook.react.runtime.ReactInstance._init_$lambda$2(SourceFile:5)] [com.facebook.react.runtime.ReactInstance.d(SourceFile:1)] [com.facebook.react.runtime.X.getConstants(SourceFile:1)] [com.facebook.jni.NativeRunnable.run(Native Method)]
06-01 07:37:02.171 15263 15363 W unknown:ViewManagerPropertyUpdater: Could not find generated setter for class com.reactnativekeyboardcontroller.OverKeyboardViewManager
06-01 07:37:02.202 15263 15363 W unknown:ViewManagerPropertyUpdater: Could not find generated setter for class com.reactnativestripesdk.GooglePayButtonManager
06-01 07:37:02.207 15263 15363 W unknown:ViewManagerPropertyUpdater: Could not find generated setter for class com.reactnativecommunity.picker.ReactDialogPickerManager
06-01 07:37:02.208 15263 15363 W unknown:ViewManagerPropertyUpdater: Could not find generated setter for class com.reactnativecommunity.picker.k
06-01 07:37:02.208 15263 15363 W unknown:ViewManagerPropertyUpdater: Could not find generated setter for class com.reactnativestripesdk.pushprovisioning.AddToWalletButtonManager
06-01 07:37:02.209 15263 15363 W unknown:ViewManagerPropertyUpdater: Could not find generated setter for class com.reactnativekeyboardcontroller.KeyboardBackgroundViewManager
06-01 07:37:02.212 15263 15363 W unknown:ViewManagerPropertyUpdater: Could not find generated setter for class com.reactnativestripesdk.CardFormViewManager
06-01 07:37:02.213 15263 15363 W unknown:ViewManagerPropertyUpdater: Could not find generated setter for class com.reactnativestripesdk.EmbeddedPaymentElementViewManager
06-01 07:37:02.220 15263 15363 W unknown:ViewManagerPropertyUpdater: Could not find generated setter for class com.reactnativecommunity.slider.ReactSliderManager
06-01 07:37:02.223 15263 15363 W unknown:ViewManagerPropertyUpdater: Could not find generated setter for class com.reactnativestripesdk.StripeContainerManager
06-01 07:37:02.226 15263 15363 W unknown:ViewManagerPropertyUpdater: Could not find generated setter for class com.reactnativekeyboardcontroller.KeyboardGestureAreaViewManager
