06-01 07:37:02.230 15263 15363 W unknown:ViewManagerPropertyUpdater: Could not find generated setter for class com.reactnativestripesdk.CardFieldViewManager
06-01 07:37:02.232 15263 15363 W unknown:ViewManagerPropertyUpdater: Could not find generated setter for class com.reactnativestripesdk.addresssheet.AddressSheetViewManager
06-01 07:37:02.236 15263 15363 W unknown:ViewManagerPropertyUpdater: Could not find generated setter for class com.reactnativecommunity.webview.RNCWebViewManager
06-01 07:37:02.238 15263 15363 W unknown:ViewManagerPropertyUpdater: Could not find generated setter for class com.shopify.reactnative.skia.SkiaPictureViewManager
06-01 07:37:02.241 15263 15363 W unknown:ViewManagerPropertyUpdater: Could not find generated setter for class com.reactnativekeyboardcontroller.KeyboardControllerViewManager
06-01 07:37:02.244 15263 15363 W unknown:ViewManagerPropertyUpdater: Could not find generated setter for class org.reactnative.maskedview.RNCMaskedViewManager
06-01 07:37:02.248 15263 15363 W unknown:ViewManagerPropertyUpdater: Could not find generated setter for class com.reactnativepagerview.PagerViewViewManager
06-01 07:37:02.249 15263 15363 W unknown:ViewManagerPropertyUpdater: Could not find generated setter for class com.reactnativestripesdk.AuBECSDebitFormViewManager
06-01 07:37:02.251 15263 15363 W unknown:ViewManagerPropertyUpdater: Could not find generated setter for class com.reactnativecommunity.picker.ReactDropdownPickerManager
06-01 07:37:02.585 15263 15363 D ConnectivityManager: StackLog: [android.net.ConnectivityManager.sendRequestForNetwork(ConnectivityManager.java:4740)] [android.net.ConnectivityManager.registerDefaultNetworkCallbackForUid(ConnectivityManager.java:5465)] [android.net.ConnectivityManager.registerDefaultNetworkCallback(ConnectivityManager.java:5432)] [android.net.ConnectivityManager.registerDefaultNetworkCallback(ConnectivityManager.java:5406)] [qc.h.g(SourceFile:21)] [com.reactnativecommunity.netinfo.NetInfoModule.initialize(SourceFile:3)] [com.facebook.react.internal.turbomodule.core.TurboModuleManager.getOrCreateModule(SourceFile:88)] [com.facebook.react.internal.turbomodule.core.TurboModuleManager.getModule(SourceFile:96)] [com.facebook.react.internal.turbomodule.core.TurboModuleManager.getLegacyCxxModule(SourceFile:9)] [com.facebook.jni.NativeRunnable.run(Native Method)]
06-01 07:37:02.692 15263 15363 I ReactNativeJS: Running "main"
06-01 07:37:02.704 15263 15363 D jni_lib_merge: Preparing to register libreactnativeblob_so.  onload_func: 0x7c01266260
06-01 07:37:02.704 15263 15363 D jni_lib_merge: Preparing to register libreactnativejni_so.  onload_func: 0x7c01280abc
06-01 07:37:02.704 15263 15363 D jni_lib_merge: Preparing to register libreactnativejni_common_so.  onload_func: 0x7c012870d8
06-01 07:37:02.706 15263 15263 I ReactNative: [GESTURE HANDLER] Initialize gesture handler for root view com.facebook.react.runtime.ReactSurfaceView{920eafa V.E...... ......ID 0,0-720,1600 #1}
06-01 07:37:03.515 15327 15327 E IAPIntegrationHelper: com.alipay.iap.android.wallet.acl.WalletServiceManager$ServiceNotFoundException: Service is not found
06-01 07:37:03.578 15327 15327 D ExtHubProxy: DefaultImpl instantiate exception!com.alibaba.exthub.extension.BridgeExtensionRegistryImpl
06-01 07:37:03.608 15327 15559 W Rpc-BaseRpcFacadeInvoker: Cannot invoke rpc with UrlTransport! operationType = ap.mobileamcs.cloud.fetch.config, message = java.net.UnknownHostException: Unable to resolve host "imgs-ac.alipay.com": No address associated with hostname
06-01 07:37:03.621 15327 15559 D Amcs-ConfigFetchTask: [RpcFetchTask] Fetch config failed! errorCode = 5000, errorMessage = java.net.UnknownHostException: Unable to resolve host "imgs-ac.alipay.com": No address associated with hostname, duration = 84.
06-01 07:37:03.622 15327 15559 E Amcs-FetchScheduler: [RpcFetchTask] Fetch failed! mCurrentTaskIndex = 0, error: errorCode = 5000, errorMessage = java.net.UnknownHostException: Unable to resolve host "imgs-ac.alipay.com": No address associated with hostname
06-01 07:37:03.734 15263 15263 I ReactNative: [GESTURE HANDLER] Gesture handler is already enabled for a parent view
06-01 07:37:03.734 15263 15263 I ReactNative: [GESTURE HANDLER] Gesture handler is already enabled for a parent view
06-01 07:37:03.753 15263 15263 I ReactNative: [GESTURE HANDLER] Gesture handler is already enabled for a parent view
06-01 07:37:04.060 15327 15327 W System.err: com.google.firebase.remoteconfig.FirebaseRemoteConfigClientException: The client had an error while calling the backend!
06-01 07:37:04.060 15327 15327 W System.err: Caused by: java.net.UnknownHostException: Unable to resolve host "firebaseremoteconfig.googleapis.com": No address associated with hostname
06-01 07:37:04.061 15327 15327 W System.err: Caused by: android.system.GaiException: android_getaddrinfo failed: EAI_NODATA (No address associated with hostname)
06-01 07:37:08.729 15263 15263 E g       : java.lang.RuntimeException: A TaskDescription's primary color should be opaque
06-01 07:37:08.730 15263 15263 E r       : java.lang.NoSuchFieldException: No field numActivities in class Landroid/app/ActivityManager$RecentTaskInfo; (declaration of 'android.app.ActivityManager$RecentTaskInfo' appears in /system/framework/framework.jar)
06-01 07:37:08.752 15263 15263 E g       : java.lang.RuntimeException: A TaskDescription's primary color should be opaque
06-01 07:37:08.993 15263 15263 W unknown:ReactNative: Packager connection already open, nooping.
06-01 07:37:26.993 15263 15263 W unknown:ReactNative: Packager connection already open, nooping.
06-01 07:37:29.640 15263 15682 I ReactNativeJS: Running "main" with {"rootTag":11,"initialProps":{"exp":{"initialUri":"exp://192.168.100.5:8081","shell":false,"manifestString":"{\"id\":\"74e16742-3583-41cd-a7f8-c78e08267da3\",\"createdAt\":\"2026-06-01T04:37:08.545Z\",\"runtimeVersion\":\"exposdk:54.0.0\",\"launchAsset\":{\"key\":\"bundle\",\"contentType\":\"application\\/javascript\",\"url\":\"http:\\/\\/192.168.100.5:8081\\/index.ts.bundle?platform=android&dev=true&hot=false&lazy=true&transform.engine=hermes&transform.bytecode=1&transform.routerRoot=app&unstable_transformProfile=hermes-stable\"},\"assets\":[],\"metadata\":{},\"extra\":{\"eas\":{\"projectId\":\"639c1930-3ee8-40c6-88d3-a7806da17a57\"},\"expoClient\":{\"name\":\"Fikishwa Driver\",\"slug\":\"FikishwaDriver\",\"version\":\"1.0.1\",\"orientation\":\"portrait\",\"icon\":\".\\/assets\\/icon.png\",\"userInterfaceStyle\":\"light\",\"splash\":{\"image\":\".\\/assets\\/splash-icon.png\",\"resizeMode\":\"contain\",\"backgroundColor\":\"#ffffff\",\"imageUrl\":\"http:\\/\\/192.168.100.5:8081\\/assets\\/.\\/assets\\/splash-icon.png\"},\"ios\":{\"supportsTablet\":true},\"android\":{\"package\":\"com.fikishwa.driver\",\"versionCode\":9,\"usesCleartextTraffic\":false,\"config\":{\"googleMaps\":{\"apiKey\":\"AIzaSyCTC78aB0ukv5ERXLwBM_tyiFIy13697wc\"}},\"permissions\":[\"android.permission.ACCESS_COARSE_LOCATION\",\"android.permission.ACCESS_FINE_LOCATION\",\"android.permission.RECORD_AUDIO\"]},\"web\":{\"favicon\":\".\\/assets\\/favicon.png\"},\"plugins\":[\"@react-native-community\\/datetimepicker\",\"expo-notifications\",\"expo-location\",\"expo-image-picker\"],\"extra\":{\"eas\":{\"projectId\":\"639c1930-3ee8-40c6-88d3-a7806da17a57\"}},\"_internal\":{\"isDebug\":false,\"projectRoot\":\"C:\\\\Users\\\\dell\\\\Fikishwa\\\\FikishwaDriver\",\"dynamicConfigPath\":{},\"staticConfigPath\":\"C:\\\\Users\\\\dell\\\\Fikishwa\\\\FikishwaDriver\\\\app.json\",\"packageJsonPath\":\"C:\\\\Users\\\\dell\\\\Fikishwa\\\\FikishwaDriver\\\\package.json\",\"pluginHistory\":{\"expo-notifications\":{\"name\":\"expo-notifications\",\"version\":\"0.32.17\"},\"expo-location\":{\"name\":\"expo-location\",\"version\":\"19.0.8\"},\"expo-image-picker\":{\"name\":\"expo-image-picker\",\"version\":\"17.0.11\"}}},\"sdkVersion\":\"54.0.0\",\"platforms\":[\"ios\",\"android\"],\"iconUrl\":\"http:\\/\\/192.168.100.5:8081\\/assets\\/.\\/assets\\/icon.png\",\"hostUri\":\"192.168.100.5:8081\"},\"expoGo\":{\"debuggerHost\":\"192.168.100.5:8081\",\"developer\":{\"tool\":\"expo-cli\",\"projectRoot\":\"C:\\\\Users\\\\dell\\\\Fikishwa\\\\FikishwaDriver\"},\"packagerOpts\":{\"dev\":true},\"mainModuleName\":\"index.ts\"},\"scopeKey\":\"@hiuhu\\/FikishwaDriver\"},\"isVerified\":true}"}},"fabric":true}
06-01 07:37:30.030 15263 15263 I ReactNative: [GESTURE HANDLER] Initialize gesture handler for root view com.facebook.react.runtime.ReactSurfaceView{7ae4058 V.E...... .......D 0,0-720,1600 #b}
06-01 07:37:30.146 15263 15682 W ReactNativeJS: 'SafeAreaView has been deprecated and will be removed in a future release. Please use \'react-native-safe-area-context\' instead. See https://github.com/th3rdwave/react-native-safe-area-context', { [Stack] name: 'Stack' }
06-01 07:37:30.309 15263 15682 W ReactNativeJS: 'Push notifications are not supported in Expo Go for Android on SDK 53+. Please use a development build.', { [Stack] name: 'Stack' }
06-01 07:37:30.313 15263 15682 I ReactNativeJS: 🚀 API Request: GET https://fikishwa2-0-backend.onrender.com/api/driver/payout/daily
06-01 07:37:31.311 15263 15682 E ReactNativeJS: 🔴 API Error: Request failed with status code 403 | URL: /api/driver/payout/daily | Status: 403
06-01 07:37:31.320 15263 15682 E ReactNativeJS: '📋 Data:', '{"success":false,"message":"Unauthorized: Invalid token"}'
06-01 07:37:31.325 15263 15682 E ReactNativeJS: 'Failed to fetch today earnings:', [AxiosError: Request failed with status code 403]
06-01 07:37:31.495 15754 15754 W Resources: java.lang.RuntimeException
06-01 07:37:31.497 15754 15754 W Resources: java.lang.RuntimeException
06-01 07:38:03.585 15263 15682 I ReactNativeJS: 🚀 API Request: POST https://fikishwa2-0-backend.onrender.com/api/driver/auth/send-otp
06-01 07:38:08.398  3919 23217 W Bundle  : Attempt to cast generated internal exception:
06-01 07:38:08.398  3919 23217 W Bundle  : java.lang.ClassCastException: java.lang.Integer cannot be cast to int[]
06-01 07:38:09.231 15971 16072 E GoogleApiManager: java.lang.SecurityException: Unknown calling package name 'com.google.android.gms'.
06-01 07:38:09.231 15971 16072 E GoogleApiManager: 	at android.os.Parcel.createExceptionOrNull(Parcel.java:3355)
06-01 07:38:09.231 15971 16072 E GoogleApiManager: 	at android.os.Parcel.createException(Parcel.java:3339)
06-01 07:38:09.231 15971 16072 E GoogleApiManager: 	at android.os.Parcel.readException(Parcel.java:3322)
06-01 07:38:09.231 15971 16072 E GoogleApiManager: 	at android.os.Parcel.readException(Parcel.java:3264)
06-01 07:38:09.246 15971 16073 W FlagStore: java.util.concurrent.ExecutionException: glrp: 17: 17: API: Phenotype.API is not available on this device. Connection failed with: ConnectionResult{statusCode=DEVELOPER_ERROR, resolution=null, message=null, clientMethodKey=null}
06-01 07:38:13.375  3919 15989 I DCU_ContactsLogService: java.util.concurrent.ExecutionException: ghxo: sync policy is not enabled
06-01 07:38:14.224  2883  2883 E HoneySpace.BadgeIconDecoratorCreator: NameNotFoundException /#UserHandle{0}
06-01 07:38:14.227  2883  2883 E HoneySpace.BadgeIconDecoratorCreator: NameNotFoundException /#UserHandle{0}
06-01 07:38:14.228  2883  2883 E HoneySpace.BadgeIconDecoratorCreator: NameNotFoundException /#UserHandle{0}
06-01 07:38:14.229  2883  2883 E HoneySpace.BadgeIconDecoratorCreator: NameNotFoundException /#UserHandle{0}
06-01 07:38:16.656 15971 15971 E AnimationUtils: RuntimeException for unknown animation name, resouce ID #0x7f010024
06-01 07:38:17.803 15971 16021 W pox     : java.lang.Exception
06-01 07:38:17.811 15971 15971 E pox     : java.util.concurrent.CancellationException: Task was cancelled.
06-01 07:38:17.815 15971 16042 W pox     : java.lang.Exception
06-01 07:38:17.834 15971 16018 W pox     : java.lang.Exception
06-01 07:38:17.841 15971 16016 E pox     : java.lang.IllegalStateException: Cannot block on non-blocking thread: BG Thread #3
06-01 07:38:17.852 15971 16021 W pox     : java.lang.Exception
06-01 07:38:17.973 15971 16005 E pox     : java.lang.IllegalStateException: Cannot block on non-blocking thread: BG Thread #1
06-01 07:38:18.135 15971 16016 E pox     : java.lang.IllegalStateException: Cannot block on non-blocking thread: BG Thread #3
06-01 07:38:18.291 15971 16005 E pox     : java.lang.IllegalStateException: Cannot block on non-blocking thread: BG Thread #1
06-01 07:38:18.827 15971 15971 W bvbu    : java.util.concurrent.CancellationException: Task was cancelled.
06-01 07:38:19.224 15971 16072 E GoogleApiManager: java.lang.SecurityException: Unknown calling package name 'com.google.android.gms'.
06-01 07:38:19.224 15971 16072 E GoogleApiManager: 	at android.os.Parcel.createExceptionOrNull(Parcel.java:3355)
06-01 07:38:19.224 15971 16072 E GoogleApiManager: 	at android.os.Parcel.createException(Parcel.java:3339)
06-01 07:38:19.224 15971 16072 E GoogleApiManager: 	at android.os.Parcel.readException(Parcel.java:3322)
06-01 07:38:19.224 15971 16072 E GoogleApiManager: 	at android.os.Parcel.readException(Parcel.java:3264)
06-01 07:38:19.797 27275 15216 W AsyncOperation: OperationException[Status{statusCode=No config packages for log source, or config package not registered, resolution=null}]
06-01 07:38:19.806 15263 15682 W ReactNativeJS: Cannot connect to Metro.
06-01 07:38:19.806 15263 15682 W ReactNativeJS: 
06-01 07:38:19.806 15263 15682 W ReactNativeJS: Try the following to fix the issue:
06-01 07:38:19.806 15263 15682 W ReactNativeJS: - Ensure that Metro is running and available on the same network
06-01 07:38:19.806 15263 15682 W ReactNativeJS: - Ensure that your device/emulator is connected to your machine and has USB debugging enabled - run 'adb devices' to see a list of connected devices
06-01 07:38:19.806 15263 15682 W ReactNativeJS: - If you're on a physical device connected to the same machine, run 'adb reverse tcp:8081 tcp:8081' to forward requests from your device
06-01 07:38:19.806 15263 15682 W ReactNativeJS: - If your device is on the same Wi-Fi network, set 'Debug server host & port for device' in 'Dev settings' to your machine's IP address and the port of the local dev server - e.g. 10.0.1.1:8081
06-01 07:38:19.806 15263 15682 W ReactNativeJS: 
06-01 07:38:19.806 15263 15682 W ReactNativeJS: URL: 192.168.100.5:8081
06-01 07:38:19.806 15263 15682 W ReactNativeJS: 
06-01 07:38:19.806 15263 15682 W ReactNativeJS: Error: undefined
06-01 07:38:19.809 15263 15850 E unknown:ReconnectingWebSocket: Error occurred, shutting down websocket connection: Websocket exception
06-01 07:38:19.809 15263 15850 E unknown:ReconnectingWebSocket: java.net.SocketException: Software caused connection abort
06-01 07:38:19.812 15263 15651 E unknown:ReconnectingWebSocket: Error occurred, shutting down websocket connection: Websocket exception
06-01 07:38:19.812 15263 15651 E unknown:ReconnectingWebSocket: java.net.SocketException: Software caused connection abort
06-01 07:38:19.962  3919 24243 E jwsj    : java.lang.RuntimeException: ManagedChannel allocation site
06-01 07:38:20.217  3919 10710 W Conscrypt: Could not set socket write timeout: java.net.SocketException: Socket closed
06-01 07:38:20.227  2883  2883 E HoneySpace.BadgeIconDecoratorCreator: NameNotFoundException /#UserHandle{0}
06-01 07:38:20.229  2883  2883 E HoneySpace.BadgeIconDecoratorCreator: NameNotFoundException /#UserHandle{0}
06-01 07:38:20.232  2883  2883 E HoneySpace.BadgeIconDecoratorCreator: NameNotFoundException /#UserHandle{0}
06-01 07:38:20.237  2883  2883 E HoneySpace.BadgeIconDecoratorCreator: NameNotFoundException /#UserHandle{0}
06-01 07:38:20.445  3919 10710 W Conscrypt: Could not set socket write timeout: java.net.SocketException: Socket closed
06-01 07:38:24.936 15263 15682 I ReactNativeJS: 🚀 API Request: POST https://fikishwa2-0-backend.onrender.com/api/driver/auth/verify-otp
06-01 07:38:27.260 15263 15682 W ReactNativeJS: 'Push notifications are not supported in Expo Go for Android on SDK 53+. Please use a development build.', { [Stack] name: 'Stack' }
06-01 07:38:27.275 15263 15682 I ReactNativeJS: 🚀 API Request: GET https://fikishwa2-0-backend.onrender.com/api/driver/payout/daily
06-01 07:38:27.584 15754 15754 W Resources: java.lang.RuntimeException
06-01 07:38:27.585 15754 15754 W Resources: java.lang.RuntimeException
06-01 07:38:29.789  2149  2937 E SatelliteServiceUtils: isSatelliteSupported SatelliteException: android.telephony.satellite.SatelliteManager$SatelliteException
06-01 07:38:30.340 27275 16575 E LoadedApk: Exception : java.lang.NullPointerException: Attempt to invoke virtual method 'boolean android.os.Looper.isPerfLogEnable()' on a null object reference
06-01 07:38:30.346 27275 16575 E LoadedApk: Exception : java.lang.NullPointerException: Attempt to invoke virtual method 'boolean android.os.Looper.isPerfLogEnable()' on a null object reference
06-01 07:38:30.684 16583 16652 E Routine@Core[4.9.04.16]: WearNodeManagerImpl: getNodeOfCompanionWatchSupportModeMirror: onFailure - com.google.android.gms.common.api.ApiException: 17: API: Wearable.API is not available on this device. Connection failed with: ConnectionResult{statusCode=API_UNAVAILABLE, resolution=null, message=null}
06-01 07:38:31.743 27275 16627 W Conscrypt: Could not set socket write timeout: java.net.SocketException: Socket closed
06-01 07:38:31.959 27275 16627 W Conscrypt: Could not set socket write timeout: java.net.SocketException: Socket closed
06-01 07:38:49.223 15516 15516 I AndroidRuntime: VM exiting with result code 0, cleanup skipped.
