06-01 02:41:12.154  1729  6827 E AppOpService: java.lang.RuntimeException
06-01 02:41:12.281  1729  6827 E AppOpService: java.lang.RuntimeException
06-01 02:41:12.742  1729  6827 E AppOpService: java.lang.RuntimeException
06-01 02:41:12.746  1729  6827 E AppOpService: java.lang.RuntimeException
06-01 02:41:14.233  1729  1991 D ZenModeHelper: The number of this sound is not in ExceptionContacts. flags=-1 matched=false
06-01 02:41:14.328  1729  1991 D ZenModeHelper: The number of this sound is not in ExceptionContacts. flags=-1 matched=false
06-01 02:41:14.385  1729  1991 D ZenModeHelper: The number of this sound is not in ExceptionContacts. flags=-1 matched=false
06-01 02:41:14.417  1729  1991 D ZenModeHelper: The number of this sound is not in ExceptionContacts. flags=-1 matched=false
06-01 02:41:14.433  1729  1991 D ZenModeHelper: The number of this sound is not in ExceptionContacts. flags=-1 matched=false
06-01 02:41:14.441  1729  1991 D ZenModeHelper: The number of this sound is not in ExceptionContacts. flags=-1 matched=false
06-01 02:41:14.450  1729  1991 D ZenModeHelper: The number of this sound is not in ExceptionContacts. flags=-1 matched=false
06-01 02:41:14.473  1729  1991 D ZenModeHelper: The number of this sound is not in ExceptionContacts. flags=-1 matched=false
06-01 02:41:16.378  1729  6827 E AppOpService: java.lang.RuntimeException
06-01 02:41:16.473  1729  6827 E AppOpService: java.lang.RuntimeException
06-01 02:41:16.475  1729  6827 E AppOpService: java.lang.RuntimeException
06-01 02:41:16.706  1729  6827 E AppOpService: java.lang.RuntimeException
06-01 02:41:17.019  1729  6827 E AppOpService: java.lang.RuntimeException
06-01 02:41:17.023  1729  6827 E AppOpService: java.lang.RuntimeException
06-01 02:41:17.347  1729  6827 E AppOpService: java.lang.RuntimeException
06-01 02:41:17.360  1729  6827 E AppOpService: java.lang.RuntimeException
06-01 02:41:17.366  1729  6827 E AppOpService: java.lang.RuntimeException
06-01 02:41:17.452  1729  6827 E AppOpService: java.lang.RuntimeException
06-01 02:41:17.715  1729  6827 E AppOpService: java.lang.RuntimeException
06-01 02:41:17.716  1729  6827 E AppOpService: java.lang.RuntimeException
06-01 02:41:18.861  1729  6827 E AppOpService: java.lang.RuntimeException
06-01 02:41:18.869  1729  6827 E AppOpService: java.lang.RuntimeException
06-01 02:41:18.870  1729  6827 E AppOpService: java.lang.RuntimeException
06-01 02:41:18.924  1729  6827 E AppOpService: java.lang.RuntimeException
06-01 02:41:19.114  1729  6827 E AppOpService: java.lang.RuntimeException
06-01 02:41:19.147  1729  6827 E AppOpService: java.lang.RuntimeException
06-01 02:41:21.784  1729  1991 D ZenModeHelper: The number of this sound is not in ExceptionContacts. flags=-1 matched=false
06-01 02:41:21.791  1729  1991 D ZenModeHelper: The number of this sound is not in ExceptionContacts. flags=-1 matched=false
06-01 02:41:21.798  1729  1991 D ZenModeHelper: The number of this sound is not in ExceptionContacts. flags=-1 matched=false
06-01 02:41:21.800  1729  1991 D ZenModeHelper: The number of this sound is not in ExceptionContacts. flags=-1 matched=false
06-01 02:41:21.803  1729  1991 D ZenModeHelper: The number of this sound is not in ExceptionContacts. flags=-1 matched=false
06-01 02:41:21.808  1729  1991 D ZenModeHelper: The number of this sound is not in ExceptionContacts. flags=-1 matched=false
06-01 02:41:21.815  1729  1991 D ZenModeHelper: The number of this sound is not in ExceptionContacts. flags=-1 matched=false
06-01 02:41:21.818  1729  1991 D ZenModeHelper: The number of this sound is not in ExceptionContacts. flags=-1 matched=false
06-01 02:43:45.081  1729  1774 E BluetoothPowerStatsCollector: java.util.concurrent.ExecutionException: java.lang.RuntimeException: error: 11
06-01 02:43:45.081  1729  1774 E BluetoothPowerStatsCollector: Caused by: java.lang.RuntimeException: error: 11
06-01 02:48:47.455  1729  1774 E BluetoothPowerStatsCollector: java.util.concurrent.ExecutionException: java.lang.RuntimeException: error: 11
06-01 02:48:47.455  1729  1774 E BluetoothPowerStatsCollector: Caused by: java.lang.RuntimeException: error: 11
06-01 02:53:50.194  1729  1774 E BluetoothPowerStatsCollector: java.util.concurrent.ExecutionException: java.lang.RuntimeException: error: 11
06-01 02:53:50.194  1729  1774 E BluetoothPowerStatsCollector: Caused by: java.lang.RuntimeException: error: 11
06-01 02:53:54.335  1729  1729 D ZenModeHelper: The number of this sound is not in ExceptionContacts. flags=-1 matched=false
06-01 02:54:02.685  1729  1729 D ZenModeHelper: The number of this sound is not in ExceptionContacts. flags=-1 matched=false
06-01 02:57:16.873  1729  1774 E BluetoothPowerStatsCollector: java.util.concurrent.ExecutionException: java.lang.RuntimeException: error: 11
06-01 02:57:16.873  1729  1774 E BluetoothPowerStatsCollector: Caused by: java.lang.RuntimeException: error: 11
06-01 02:57:17.175  1729  1774 E BluetoothPowerStatsCollector: java.util.concurrent.ExecutionException: java.lang.RuntimeException: error: 11
06-01 02:57:17.175  1729  1774 E BluetoothPowerStatsCollector: Caused by: java.lang.RuntimeException: error: 11
06-01 02:59:34.210  1729  1729 D ZenModeHelper: The number of this sound is not in ExceptionContacts. flags=-1 matched=false
06-01 02:59:42.040  1729  1729 D ZenModeHelper: The number of this sound is not in ExceptionContacts. flags=-1 matched=false
06-01 03:00:34.051  1729  1774 E BluetoothPowerStatsCollector: java.util.concurrent.ExecutionException: java.lang.RuntimeException: error: 11
06-01 03:00:34.051  1729  1774 E BluetoothPowerStatsCollector: Caused by: java.lang.RuntimeException: error: 11
06-01 03:05:36.735  1729  1729 D ZenModeHelper: The number of this sound is not in ExceptionContacts. flags=-1 matched=false
06-01 03:05:42.103  1729  1729 D ZenModeHelper: The number of this sound is not in ExceptionContacts. flags=-1 matched=false
06-01 03:06:36.569  1729  1774 E BluetoothPowerStatsCollector: java.util.concurrent.ExecutionException: java.lang.RuntimeException: error: 11
06-01 03:06:36.569  1729  1774 E BluetoothPowerStatsCollector: Caused by: java.lang.RuntimeException: error: 11
06-01 03:11:12.713  1729  1729 D ZenModeHelper: The number of this sound is not in ExceptionContacts. flags=-1 matched=false
06-01 03:11:22.238  1729  1729 D ZenModeHelper: The number of this sound is not in ExceptionContacts. flags=-1 matched=false
06-01 03:13:19.924  1729  1774 E BluetoothPowerStatsCollector: java.util.concurrent.ExecutionException: java.lang.RuntimeException: error: 11
06-01 03:13:19.924  1729  1774 E BluetoothPowerStatsCollector: Caused by: java.lang.RuntimeException: error: 11
06-01 03:16:58.707  1729  1729 D ZenModeHelper: The number of this sound is not in ExceptionContacts. flags=-1 matched=false
06-01 03:17:02.326  1729  1729 D ZenModeHelper: The number of this sound is not in ExceptionContacts. flags=-1 matched=false
06-01 03:20:49.364  1729  1774 E BluetoothPowerStatsCollector: java.util.concurrent.ExecutionException: java.lang.RuntimeException: error: 11
06-01 03:20:49.364  1729  1774 E BluetoothPowerStatsCollector: Caused by: java.lang.RuntimeException: error: 11
06-01 03:22:23.589  1729  6827 E AppOpService: java.lang.RuntimeException
06-01 03:22:23.617  1729  6827 E AppOpService: java.lang.RuntimeException
06-01 03:22:23.622  1729  6827 E AppOpService: java.lang.RuntimeException
06-01 03:22:23.955  1729  6827 E AppOpService: java.lang.RuntimeException
06-01 03:22:24.455  1729  6827 E AppOpService: java.lang.RuntimeException
06-01 03:22:24.523  1729  6827 E AppOpService: java.lang.RuntimeException
06-01 03:22:28.017  1729  6827 E AppOpService: java.lang.RuntimeException
06-01 03:22:28.138  1729  6827 E AppOpService: java.lang.RuntimeException
06-01 03:22:28.139  1729  6827 E AppOpService: java.lang.RuntimeException
06-01 03:22:28.549  1729  6827 E AppOpService: java.lang.RuntimeException
06-01 03:22:28.695  1729  6827 E AppOpService: java.lang.RuntimeException
06-01 03:22:28.699  1729  6827 E AppOpService: java.lang.RuntimeException
06-01 03:22:31.936  1729  1774 E BluetoothPowerStatsCollector: java.util.concurrent.ExecutionException: java.lang.RuntimeException: error: 11
06-01 03:22:31.936  1729  1774 E BluetoothPowerStatsCollector: Caused by: java.lang.RuntimeException: error: 11
06-01 03:22:32.157  1729  1774 E BluetoothPowerStatsCollector: java.util.concurrent.ExecutionException: java.lang.RuntimeException: error: 11
06-01 03:22:32.157  1729  1774 E BluetoothPowerStatsCollector: Caused by: java.lang.RuntimeException: error: 11
06-01 03:22:35.595  1729  2926 W ActivityManager: Exception when unbinding service com.google.android.projection.gearhead/com.google.android.apps.auto.carservice.service.impl.GearheadCarStartupService
06-01 03:22:35.595  1729  2926 W ActivityManager: android.os.DeadObjectException
06-01 03:22:55.232  1729  1729 D ZenModeHelper: The number of this sound is not in ExceptionContacts. flags=-1 matched=false
06-01 03:23:02.426  1729  1729 D ZenModeHelper: The number of this sound is not in ExceptionContacts. flags=-1 matched=false
06-01 03:28:13.129  1729  1774 E BluetoothPowerStatsCollector: java.util.concurrent.ExecutionException: java.lang.RuntimeException: error: 11
06-01 03:28:13.129  1729  1774 E BluetoothPowerStatsCollector: Caused by: java.lang.RuntimeException: error: 11
06-01 03:28:42.215  1729  1729 D ZenModeHelper: The number of this sound is not in ExceptionContacts. flags=-1 matched=false
06-01 03:28:42.515  1729  1729 D ZenModeHelper: The number of this sound is not in ExceptionContacts. flags=-1 matched=false
06-01 03:33:55.316  1729  1774 E BluetoothPowerStatsCollector: java.util.concurrent.ExecutionException: java.lang.RuntimeException: error: 11
06-01 03:33:55.316  1729  1774 E BluetoothPowerStatsCollector: Caused by: java.lang.RuntimeException: error: 11
06-01 03:34:19.704  1729  1729 D ZenModeHelper: The number of this sound is not in ExceptionContacts. flags=-1 matched=false
06-01 03:34:22.620  1729  1729 D ZenModeHelper: The number of this sound is not in ExceptionContacts. flags=-1 matched=false
06-01 03:34:37.128  1729  1774 E BluetoothPowerStatsCollector: java.util.concurrent.ExecutionException: java.lang.RuntimeException: error: 11
06-01 03:34:37.128  1729  1774 E BluetoothPowerStatsCollector: Caused by: java.lang.RuntimeException: error: 11
06-01 03:34:37.399  1729  1774 E BluetoothPowerStatsCollector: java.util.concurrent.ExecutionException: java.lang.RuntimeException: error: 11
06-01 03:34:37.399  1729  1774 E BluetoothPowerStatsCollector: Caused by: java.lang.RuntimeException: error: 11
06-01 03:39:06.786  1729  1774 E BluetoothPowerStatsCollector: java.util.concurrent.ExecutionException: java.lang.RuntimeException: error: 11
06-01 03:39:06.786  1729  1774 E BluetoothPowerStatsCollector: Caused by: java.lang.RuntimeException: error: 11
06-01 03:40:10.205  1729  1729 D ZenModeHelper: The number of this sound is not in ExceptionContacts. flags=-1 matched=false
06-01 03:40:12.716  1729  1729 D ZenModeHelper: The number of this sound is not in ExceptionContacts. flags=-1 matched=false
06-01 03:45:47.708  1729  1729 D ZenModeHelper: The number of this sound is not in ExceptionContacts. flags=-1 matched=false
06-01 03:45:52.823  1729  1729 D ZenModeHelper: The number of this sound is not in ExceptionContacts. flags=-1 matched=false
06-01 03:46:13.467  1729  1774 E BluetoothPowerStatsCollector: java.util.concurrent.ExecutionException: java.lang.RuntimeException: error: 11
06-01 03:46:13.467  1729  1774 E BluetoothPowerStatsCollector: Caused by: java.lang.RuntimeException: error: 11
06-01 03:51:26.700  1729  1729 D ZenModeHelper: The number of this sound is not in ExceptionContacts. flags=-1 matched=false
06-01 03:51:32.926  1729  1729 D ZenModeHelper: The number of this sound is not in ExceptionContacts. flags=-1 matched=false
06-01 03:52:26.549  1729  1774 E BluetoothPowerStatsCollector: java.util.concurrent.ExecutionException: java.lang.RuntimeException: error: 11
06-01 03:52:26.549  1729  1774 E BluetoothPowerStatsCollector: Caused by: java.lang.RuntimeException: error: 11
06-01 03:57:06.208  1729  1729 D ZenModeHelper: The number of this sound is not in ExceptionContacts. flags=-1 matched=false
06-01 03:57:13.010  1729  1729 D ZenModeHelper: The number of this sound is not in ExceptionContacts. flags=-1 matched=false
06-01 03:58:06.056  1729  1774 E BluetoothPowerStatsCollector: java.util.concurrent.ExecutionException: java.lang.RuntimeException: error: 11
06-01 03:58:06.056  1729  1774 E BluetoothPowerStatsCollector: Caused by: java.lang.RuntimeException: error: 11
06-01 04:02:33.246  1729  1774 E BluetoothPowerStatsCollector: java.util.concurrent.ExecutionException: java.lang.RuntimeException: error: 11
06-01 04:02:33.246  1729  1774 E BluetoothPowerStatsCollector: Caused by: java.lang.RuntimeException: error: 11
06-01 04:02:33.500  1729  1774 E BluetoothPowerStatsCollector: java.util.concurrent.ExecutionException: java.lang.RuntimeException: error: 11
06-01 04:02:33.500  1729  1774 E BluetoothPowerStatsCollector: Caused by: java.lang.RuntimeException: error: 11
06-01 04:02:51.222  1729  1729 D ZenModeHelper: The number of this sound is not in ExceptionContacts. flags=-1 matched=false
06-01 04:02:53.146  1729  1729 D ZenModeHelper: The number of this sound is not in ExceptionContacts. flags=-1 matched=false
06-01 04:03:36.106  1729  1774 E BluetoothPowerStatsCollector: java.util.concurrent.ExecutionException: java.lang.RuntimeException: error: 11
06-01 04:03:36.106  1729  1774 E BluetoothPowerStatsCollector: Caused by: java.lang.RuntimeException: error: 11
06-01 04:08:31.202  1729  1729 D ZenModeHelper: The number of this sound is not in ExceptionContacts. flags=-1 matched=false
06-01 04:08:33.206  1729  1729 D ZenModeHelper: The number of this sound is not in ExceptionContacts. flags=-1 matched=false
06-01 04:09:06.758  1729  1774 E BluetoothPowerStatsCollector: java.util.concurrent.ExecutionException: java.lang.RuntimeException: error: 11
06-01 04:09:06.758  1729  1774 E BluetoothPowerStatsCollector: Caused by: java.lang.RuntimeException: error: 11
06-01 04:14:13.211  1729  1729 D ZenModeHelper: The number of this sound is not in ExceptionContacts. flags=-1 matched=false
06-01 04:14:13.330  1729  1729 D ZenModeHelper: The number of this sound is not in ExceptionContacts. flags=-1 matched=false
06-01 04:15:13.099  1729  1774 E BluetoothPowerStatsCollector: java.util.concurrent.ExecutionException: java.lang.RuntimeException: error: 11
06-01 04:15:13.099  1729  1774 E BluetoothPowerStatsCollector: Caused by: java.lang.RuntimeException: error: 11
06-01 04:19:48.707  1729  1729 D ZenModeHelper: The number of this sound is not in ExceptionContacts. flags=-1 matched=false
06-01 04:19:53.443  1729  1729 D ZenModeHelper: The number of this sound is not in ExceptionContacts. flags=-1 matched=false
06-01 04:20:48.564  1729  1774 E BluetoothPowerStatsCollector: java.util.concurrent.ExecutionException: java.lang.RuntimeException: error: 11
06-01 04:20:48.564  1729  1774 E BluetoothPowerStatsCollector: Caused by: java.lang.RuntimeException: error: 11
06-01 04:23:39.753  1729  6827 E AppOpService: java.lang.RuntimeException
06-01 04:23:39.772  1729  6827 E AppOpService: java.lang.RuntimeException
06-01 04:23:39.774  1729  6827 E AppOpService: java.lang.RuntimeException
06-01 04:23:40.047  1729  6827 E AppOpService: java.lang.RuntimeException
06-01 04:23:40.313  1729  6827 E AppOpService: java.lang.RuntimeException
06-01 04:23:40.326  1729  6827 E AppOpService: java.lang.RuntimeException
06-01 04:23:44.077  1729  6827 E AppOpService: java.lang.RuntimeException
06-01 04:23:44.111  1729  6827 E AppOpService: java.lang.RuntimeException
06-01 04:23:44.128  1729  6827 E AppOpService: java.lang.RuntimeException
06-01 04:23:44.247  1729  6827 E AppOpService: java.lang.RuntimeException
06-01 04:23:44.544  1729  6827 E AppOpService: java.lang.RuntimeException
06-01 04:23:44.556  1729  6827 E AppOpService: java.lang.RuntimeException
06-01 04:23:46.894  1729  1774 E BluetoothPowerStatsCollector: java.util.concurrent.ExecutionException: java.lang.RuntimeException: error: 11
06-01 04:23:46.894  1729  1774 E BluetoothPowerStatsCollector: Caused by: java.lang.RuntimeException: error: 11
06-01 04:23:47.342  1729  1774 E BluetoothPowerStatsCollector: java.util.concurrent.ExecutionException: java.lang.RuntimeException: error: 11
06-01 04:23:47.342  1729  1774 E BluetoothPowerStatsCollector: Caused by: java.lang.RuntimeException: error: 11
06-01 04:24:06.762  1729  4307 W ActivityManager: Exception when unbinding service com.olx.ssa.ke/org.chromium.content.app.SandboxedProcessService0:0
06-01 04:24:06.762  1729  4307 W ActivityManager: android.os.DeadObjectException
06-01 04:25:03.164  1729  1762 W ProcessCpuTracker: Failed to stat(/proc/22988): android.system.ErrnoException: stat failed: ENOENT (No such file or directory)
06-01 04:25:22.594  1729  6827 E AppOpService: java.lang.RuntimeException
06-01 04:25:22.651  1729  6827 E AppOpService: java.lang.RuntimeException
06-01 04:25:22.674  1729  6827 E AppOpService: java.lang.RuntimeException
06-01 04:25:22.873  1729  6827 E AppOpService: java.lang.RuntimeException
06-01 04:25:23.132  1729  6827 E AppOpService: java.lang.RuntimeException
06-01 04:25:23.134  1729  6827 E AppOpService: java.lang.RuntimeException
06-01 04:25:26.492  1729  1991 D ZenModeHelper: The number of this sound is not in ExceptionContacts. flags=-1 matched=false
06-01 04:25:26.502  1729  1991 D ZenModeHelper: The number of this sound is not in ExceptionContacts. flags=-1 matched=false
06-01 04:25:26.513  1729  1991 D ZenModeHelper: The number of this sound is not in ExceptionContacts. flags=-1 matched=false
06-01 04:25:26.532  1729  1991 D ZenModeHelper: The number of this sound is not in ExceptionContacts. flags=-1 matched=false
06-01 04:25:26.539  1729  1991 D ZenModeHelper: The number of this sound is not in ExceptionContacts. flags=-1 matched=false
06-01 04:25:26.549  1729  1991 D ZenModeHelper: The number of this sound is not in ExceptionContacts. flags=-1 matched=false
06-01 04:25:30.436  1729  1729 D ZenModeHelper: The number of this sound is not in ExceptionContacts. flags=-1 matched=false
06-01 04:25:30.494  1729  1729 D ZenModeHelper: The number of this sound is not in ExceptionContacts. flags=-1 matched=false
06-01 04:25:33.580  1729  1991 D ZenModeHelper: The number of this sound is not in ExceptionContacts. flags=-1 matched=false
06-01 04:25:33.589  1729  1991 D ZenModeHelper: The number of this sound is not in ExceptionContacts. flags=-1 matched=false
06-01 04:25:33.594  1729  1991 D ZenModeHelper: The number of this sound is not in ExceptionContacts. flags=-1 matched=false
06-01 04:25:33.599  1729  1991 D ZenModeHelper: The number of this sound is not in ExceptionContacts. flags=-1 matched=false
06-01 04:25:33.604  1729  1991 D ZenModeHelper: The number of this sound is not in ExceptionContacts. flags=-1 matched=false
06-01 04:25:33.607  1729  1991 D ZenModeHelper: The number of this sound is not in ExceptionContacts. flags=-1 matched=false
06-01 04:25:33.609  1729  1991 D ZenModeHelper: The number of this sound is not in ExceptionContacts. flags=-1 matched=false
06-01 04:25:33.614  1729  1991 D ZenModeHelper: The number of this sound is not in ExceptionContacts. flags=-1 matched=false
06-01 04:25:33.733  1729  3020 W ActivityManager: Exception when unbinding service com.olx.ssa.ke/org.chromium.content.app.SandboxedProcessService0:0
06-01 04:25:33.733  1729  3020 W ActivityManager: android.os.DeadObjectException
06-01 04:25:55.072  1729  1729 D ZenModeHelper: The number of this sound is not in ExceptionContacts. flags=-1 matched=false
06-01 04:25:55.084  1729  1729 D ZenModeHelper: The number of this sound is not in ExceptionContacts. flags=-1 matched=false
06-01 04:26:02.753  1729  1774 E BluetoothPowerStatsCollector: java.util.concurrent.ExecutionException: java.lang.RuntimeException: error: 11
06-01 04:26:02.753  1729  1774 E BluetoothPowerStatsCollector: Caused by: java.lang.RuntimeException: error: 11
06-01 04:26:30.769  1729  1729 D ZenModeHelper: The number of this sound is not in ExceptionContacts. flags=-1 matched=false
06-01 04:26:33.543  1729  1729 D ZenModeHelper: The number of this sound is not in ExceptionContacts. flags=-1 matched=false
06-01 04:32:07.705  1729  1729 D ZenModeHelper: The number of this sound is not in ExceptionContacts. flags=-1 matched=false
06-01 04:32:13.633  1729  1729 D ZenModeHelper: The number of this sound is not in ExceptionContacts. flags=-1 matched=false
06-01 04:33:07.561  1729  1774 E BluetoothPowerStatsCollector: java.util.concurrent.ExecutionException: java.lang.RuntimeException: error: 11
06-01 04:33:07.561  1729  1774 E BluetoothPowerStatsCollector: Caused by: java.lang.RuntimeException: error: 11
06-01 04:37:43.721  1729  1729 D ZenModeHelper: The number of this sound is not in ExceptionContacts. flags=-1 matched=false
06-01 04:37:43.742  1729  1729 D ZenModeHelper: The number of this sound is not in ExceptionContacts. flags=-1 matched=false
06-01 04:38:43.556  1729  1774 E BluetoothPowerStatsCollector: java.util.concurrent.ExecutionException: java.lang.RuntimeException: error: 11
06-01 04:38:43.556  1729  1774 E BluetoothPowerStatsCollector: Caused by: java.lang.RuntimeException: error: 11
06-01 04:40:18.422  1729  1774 E BluetoothPowerStatsCollector: java.util.concurrent.ExecutionException: java.lang.RuntimeException: error: 11
06-01 04:40:18.422  1729  1774 E BluetoothPowerStatsCollector: Caused by: java.lang.RuntimeException: error: 11
06-01 04:40:18.834  1729  1774 E BluetoothPowerStatsCollector: java.util.concurrent.ExecutionException: java.lang.RuntimeException: error: 11
06-01 04:40:18.834  1729  1774 E BluetoothPowerStatsCollector: Caused by: java.lang.RuntimeException: error: 11
06-01 04:43:38.228  1729  1729 D ZenModeHelper: The number of this sound is not in ExceptionContacts. flags=-1 matched=false
06-01 04:43:38.347  1729  2344 W ActivityManager: Exception when unbinding service com.olx.ssa.ke/org.chromium.content.app.SandboxedProcessService0:0
06-01 04:43:38.347  1729  2344 W ActivityManager: android.os.DeadObjectException
06-01 04:43:43.838  1729  1729 D ZenModeHelper: The number of this sound is not in ExceptionContacts. flags=-1 matched=false
06-01 04:44:38.118  1729  1774 E BluetoothPowerStatsCollector: java.util.concurrent.ExecutionException: java.lang.RuntimeException: error: 11
06-01 04:44:38.118  1729  1774 E BluetoothPowerStatsCollector: Caused by: java.lang.RuntimeException: error: 11
06-01 04:49:18.209  1729  1729 D ZenModeHelper: The number of this sound is not in ExceptionContacts. flags=-1 matched=false
06-01 04:49:23.933  1729  1729 D ZenModeHelper: The number of this sound is not in ExceptionContacts. flags=-1 matched=false
06-01 04:50:07.449  1729  1774 E BluetoothPowerStatsCollector: java.util.concurrent.ExecutionException: java.lang.RuntimeException: error: 11
06-01 04:50:07.449  1729  1774 E BluetoothPowerStatsCollector: Caused by: java.lang.RuntimeException: error: 11
06-01 04:54:55.711  1729  1729 D ZenModeHelper: The number of this sound is not in ExceptionContacts. flags=-1 matched=false
06-01 04:55:04.020  1729  1729 D ZenModeHelper: The number of this sound is not in ExceptionContacts. flags=-1 matched=false
06-01 04:55:55.583  1729  1774 E BluetoothPowerStatsCollector: java.util.concurrent.ExecutionException: java.lang.RuntimeException: error: 11
06-01 04:55:55.583  1729  1774 E BluetoothPowerStatsCollector: Caused by: java.lang.RuntimeException: error: 11
06-01 04:58:30.872  1729  1774 E BluetoothPowerStatsCollector: java.util.concurrent.ExecutionException: java.lang.RuntimeException: error: 11
06-01 04:58:30.872  1729  1774 E BluetoothPowerStatsCollector: Caused by: java.lang.RuntimeException: error: 11
06-01 04:58:31.154  1729  1774 E BluetoothPowerStatsCollector: java.util.concurrent.ExecutionException: java.lang.RuntimeException: error: 11
06-01 04:58:31.154  1729  1774 E BluetoothPowerStatsCollector: Caused by: java.lang.RuntimeException: error: 11
06-01 05:00:38.203  1729  1729 D ZenModeHelper: The number of this sound is not in ExceptionContacts. flags=-1 matched=false
06-01 05:00:44.113  1729  1729 D ZenModeHelper: The number of this sound is not in ExceptionContacts. flags=-1 matched=false
06-01 05:01:38.072  1729  1774 E BluetoothPowerStatsCollector: java.util.concurrent.ExecutionException: java.lang.RuntimeException: error: 11
06-01 05:01:38.072  1729  1774 E BluetoothPowerStatsCollector: Caused by: java.lang.RuntimeException: error: 11
06-01 05:05:33.703  1729  1729 D ZenModeHelper: The number of this sound is not in ExceptionContacts. flags=-1 matched=false
06-01 05:05:34.194  1729  1729 D ZenModeHelper: The number of this sound is not in ExceptionContacts. flags=-1 matched=false
06-01 05:06:38.785  1729  6827 E AppOpService: java.lang.RuntimeException
06-01 05:06:38.792  1729  6827 E AppOpService: java.lang.RuntimeException
06-01 05:06:38.794  1729  6827 E AppOpService: java.lang.RuntimeException
06-01 05:06:38.839  1729  6827 E AppOpService: java.lang.RuntimeException
06-01 05:06:38.903  1729  6827 E AppOpService: java.lang.RuntimeException
06-01 05:06:38.905  1729  6827 E AppOpService: java.lang.RuntimeException
06-01 05:06:40.064 29632 29632 E ShareLive:QuickShare: [D2D][main] [NearbyShareSourceImpl] NS [ setVisibility ] error: com.google.android.gms.common.api.ApiException: 35500: 
06-01 05:06:40.153  1729  4130 E SemWifiHalAidlImpl: Exception on readFile: android.os.ServiceSpecificException:  (code 9)
06-01 05:06:40.156  1729  4130 E SemWifiHalAidlImpl: Exception on readFile: android.os.ServiceSpecificException:  (code 9)
06-01 05:06:40.158  1729  4130 E SemWifiHalAidlImpl: Exception on readFile: android.os.ServiceSpecificException:  (code 9)
06-01 05:06:41.037 29834 29874 W System.err: android.content.pm.PackageManager$NameNotFoundException: com.samsung.android.kmxservice
06-01 05:06:41.051 29834 29874 W System.err: android.content.pm.PackageManager$NameNotFoundException: com.samsung.android.kmxservice
06-01 05:06:41.056 29834 29874 W System.err: android.content.pm.PackageManager$NameNotFoundException: com.samsung.android.kmxservice
06-01 05:06:42.492 29834 29874 W System.err: android.content.pm.PackageManager$NameNotFoundException: com.samsung.android.kmxservice
06-01 05:06:45.093  4151 29914 E [SCA][M][1.0.0000]: [ScaMdeException][rcode]: 70000001, [rmsg]: Family MDE is not supported on this platform version(170000).
06-01 05:07:12.238  1729  1852 W ActivityManager: Exception when unbinding service com.olx.ssa.ke/org.chromium.content.app.SandboxedProcessService0:0
06-01 05:07:12.238  1729  1852 W ActivityManager: android.os.DeadObjectException
06-01 05:10:48.733  1729  1729 D ZenModeHelper: The number of this sound is not in ExceptionContacts. flags=-1 matched=false
06-01 05:10:54.300  1729  1729 D ZenModeHelper: The number of this sound is not in ExceptionContacts. flags=-1 matched=false
06-01 05:15:57.710  1729  1729 D ZenModeHelper: The number of this sound is not in ExceptionContacts. flags=-1 matched=false
06-01 05:16:04.383  1729  1729 D ZenModeHelper: The number of this sound is not in ExceptionContacts. flags=-1 matched=false
06-01 05:16:57.112  1729  4288 W BinderNative: Uncaught exception from death notification
06-01 05:16:57.112  1729  4288 W BinderNative: java.lang.SecurityException: Specified package "com.google.android.googlequicksearchbox" under uid 1000 but it is not
06-01 05:16:57.182  1729  4288 W ActivityManager: Exception when starting service com.google.android.rkpdapp/com.android.rkpdapp.service.RemoteProvisioningService
06-01 05:16:57.182  1729  4288 W ActivityManager: android.os.DeadObjectException
06-01 05:16:59.824 22934 23131 E Finsky  : com.google.android.finsky.expressintegrityservice.ExpressIntegrityException
06-01 05:17:01.799 22934 23131 E Finsky  : com.google.android.finsky.expressintegrityservice.ExpressIntegrityException
06-01 05:17:03.019 30578 30822 W System.err: java.util.concurrent.CancellationException: Finish coroutine session
06-01 05:17:03.022 30578 30965 W GWT:PreviewSessionManager: [daemonapp] PreviewSession is finished by java.util.concurrent.CancellationException: Finish coroutine session
06-01 05:17:03.521 31292 31344 E SamsungAccountRepositoryImpl: SARequestException com.samsung.android.app.spage.common.account.p: NoNetworkException
06-01 05:17:03.527 30578 30965 W System.err: java.util.concurrent.CancellationException: Finish coroutine session
06-01 05:17:03.527 30578 30965 W GWT:PreviewSessionManager: [daemonapp] PreviewSession is finished by java.util.concurrent.CancellationException: Finish coroutine session
06-01 05:17:10.246 31292 31292 W System.err: java.util.concurrent.CancellationException: Finish coroutine session
06-01 05:17:10.253 31292 31292 W GWT:PreviewSessionManager: [spage] PreviewSession is finished by java.util.concurrent.CancellationException: Finish coroutine session
06-01 05:20:01.426 27275 31760 I NearbySharing: java.lang.InterruptedException
06-01 05:21:17.722  1729  1729 D ZenModeHelper: The number of this sound is not in ExceptionContacts. flags=-1 matched=false
06-01 05:21:24.474  1729  1729 D ZenModeHelper: The number of this sound is not in ExceptionContacts. flags=-1 matched=false
06-01 05:23:43.241 32066 32066 D d       : ExceptionHandlerManager not explicitly initialized, using default mode
06-01 05:23:43.241 32066 32066 D d       : initializing exception handler manager, prioritized=true
06-01 05:23:43.834 32143 32143 W EarlyExceptionHandler: Early UncaughtException handler initialized
06-01 05:23:44.131  1729  4288 W ActivityManager: Exception when unbinding service com.olx.ssa.ke/org.chromium.content.app.SandboxedProcessService0:0
06-01 05:23:44.131  1729  4288 W ActivityManager: android.os.DeadObjectException
06-01 05:23:45.286  1729  6827 E AppOpService: java.lang.RuntimeException
06-01 05:23:45.324  1729  6827 E AppOpService: java.lang.RuntimeException
06-01 05:23:45.328  1729  6827 E AppOpService: java.lang.RuntimeException
06-01 05:23:45.573  1729  6827 E AppOpService: java.lang.RuntimeException
06-01 05:23:45.803  1729  6827 E AppOpService: java.lang.RuntimeException
06-01 05:23:45.806  1729  6827 E AppOpService: java.lang.RuntimeException
06-01 05:23:45.918 27275 32213 E LoadedApk: Exception : java.lang.NullPointerException: Attempt to invoke virtual method 'boolean android.os.Looper.isPerfLogEnable()' on a null object reference
06-01 05:23:46.184  1729  6827 E AppOpService: java.lang.RuntimeException
06-01 05:23:46.210  1729  6827 E AppOpService: java.lang.RuntimeException
06-01 05:23:46.218  1729  6827 E AppOpService: java.lang.RuntimeException
06-01 05:23:46.506 32044 32389 W C       : Unmapping is not supported on this platform, because internal Java APIs are not compatible with this Lucene version: java.lang.NoSuchMethodException: invokeCleaner [class java.nio.ByteBuffer]
06-01 05:23:46.568  1729  6827 E AppOpService: java.lang.RuntimeException
06-01 05:23:46.863 32289 32289 E FeatureFlagsImplExport: android.os.flagging.AconfigStorageReadException: ERROR_PACKAGE_NOT_FOUND: package android.xr cannot be found on the device
06-01 05:23:47.099  1729  6827 E AppOpService: java.lang.RuntimeException
06-01 05:23:47.100  1729  6827 E AppOpService: java.lang.RuntimeException
06-01 05:23:47.622  1729  6827 E AppOpService: java.lang.RuntimeException
06-01 05:23:47.628  1729  6827 E AppOpService: java.lang.RuntimeException
06-01 05:23:47.630  1729  6827 E AppOpService: java.lang.RuntimeException
06-01 05:23:47.747  1729  6827 E AppOpService: java.lang.RuntimeException
06-01 05:23:47.827  1729  6827 E AppOpService: java.lang.RuntimeException
06-01 05:23:47.830  1729  6827 E AppOpService: java.lang.RuntimeException
06-01 05:23:49.582 32470 32568 I BugleRcs: android.content.pm.PackageManager$NameNotFoundException: com.google.android.ims
06-01 05:23:50.134 32567 32633 I Finsky:background: [370] SettingNotFoundException, fall through to G.downloadBytesOverMobileMaximum
06-01 05:23:50.147 32567 32633 I Finsky:background: [370] SettingNotFoundException, fall through to G.downloadBytesOverMobileRecommended
06-01 05:23:50.646 32470 32626 I BugleRcsJibe: RcsServiceConnectionException was raised while waiting to connect to RcsEngineLifecycleServiceV2
06-01 05:23:50.647  1729  3533 W BinderNative: Uncaught exception from death notification
06-01 05:23:50.647  1729  3533 W BinderNative: java.lang.SecurityException: Specified package "com.google.android.googlequicksearchbox" under uid 1000 but it is not
06-01 05:23:50.679 32470 32663 I BugleRcsJibe: RcsServiceConnectionException was raised while waiting to connect to RcsEngineLifecycleServiceV2
06-01 05:23:50.727 32470 32565 I BugleRcsJibe: RcsServiceConnectionException was raised while waiting to connect to RcsEngineLifecycleServiceV2
06-01 05:23:50.757 32470 32662 I BugleRcsJibe: RcsServiceConnectionException was raised while waiting to connect to RcsEngineLifecycleServiceV2
06-01 05:23:50.801 32470 32662 I BugleRcsJibe: RcsServiceConnectionException was raised while waiting to connect to RcsEngineLifecycleServiceV2
06-01 05:23:50.815 32470 32663 I BugleRcsJibe: RcsServiceConnectionException was raised while waiting to connect to RcsEngineLifecycleServiceV2
06-01 05:24:02.470  1729  4289 W BinderNative: Uncaught exception from death notification
06-01 05:24:02.470  1729  4289 W BinderNative: java.lang.SecurityException: Specified package "com.google.android.googlequicksearchbox" under uid 1000 but it is not
06-01 05:24:04.474 32470 32663 I BugleRcsJibe: RcsServiceConnectionException was raised while waiting to connect to RcsEngineLifecycleServiceV2
06-01 05:24:04.845 32470 32662 I BugleRcsJibe: RcsServiceConnectionException was raised while waiting to connect to RcsEngineLifecycleServiceV2
06-01 05:24:04.880 32470 32628 I BugleRcsJibe: RcsServiceConnectionException was raised while waiting to connect to RcsEngineLifecycleServiceV2
06-01 05:24:04.905 32470 32605 I BugleRcsJibe: RcsServiceConnectionException was raised while waiting to connect to RcsEngineLifecycleServiceV2
06-01 05:24:04.923 32470 32605 I BugleRcsJibe: RcsServiceConnectionException was raised while waiting to connect to RcsEngineLifecycleServiceV2
06-01 05:25:33.690 24375 24393 W doej    : java.io.FileNotFoundException: /proc/24375/dmabuf_rss: open failed: ENOENT (No such file or directory)
06-01 05:25:33.690 24375 24393 W doej    : Caused by: android.system.ErrnoException: open failed: ENOENT (No such file or directory)
06-01 05:25:33.692 24375 24393 W doej    : java.io.FileNotFoundException: /proc/24375/dmabuf_rss_hwm: open failed: ENOENT (No such file or directory)
06-01 05:25:33.692 24375 24393 W doej    : Caused by: android.system.ErrnoException: open failed: ENOENT (No such file or directory)
06-01 05:25:33.693 24375 24393 W doej    : java.io.FileNotFoundException: /proc/24375/dmabuf_pss: open failed: ENOENT (No such file or directory)
06-01 05:25:33.693 24375 24393 W doej    : Caused by: android.system.ErrnoException: open failed: ENOENT (No such file or directory)
06-01 05:26:39.706  1729  1729 D ZenModeHelper: The number of this sound is not in ExceptionContacts. flags=-1 matched=false
06-01 05:26:44.575  1729  1729 D ZenModeHelper: The number of this sound is not in ExceptionContacts. flags=-1 matched=false
06-01 05:31:50.707  1729  1729 D ZenModeHelper: The number of this sound is not in ExceptionContacts. flags=-1 matched=false
06-01 05:31:54.644  1729  1729 D ZenModeHelper: The number of this sound is not in ExceptionContacts. flags=-1 matched=false
06-01 05:33:49.119 27275  1718 I NearbySharing: java.lang.InterruptedException
06-01 05:36:25.079  2253  2601 W brella.TrainingJob: java.lang.InterruptedException
06-01 05:36:29.077 22934 23134 E Finsky  : com.google.android.finsky.expressintegrityservice.ExpressIntegrityException
06-01 05:36:29.385  2942  3060 W fvtj    : java.lang.NoSuchMethodException: fcze.getScopes []
06-01 05:36:30.089  2251  2324 W fvtj    : java.lang.NoSuchMethodException: fcze.getScopes []
06-01 05:36:30.606 22934 23134 E Finsky  : com.google.android.finsky.expressintegrityservice.ExpressIntegrityException
06-01 05:37:10.221  1729  1729 D ZenModeHelper: The number of this sound is not in ExceptionContacts. flags=-1 matched=false
06-01 05:37:14.750  1729  1729 D ZenModeHelper: The number of this sound is not in ExceptionContacts. flags=-1 matched=false
06-01 05:42:23.227  1729  1729 D ZenModeHelper: The number of this sound is not in ExceptionContacts. flags=-1 matched=false
06-01 05:42:24.857  1729  1729 D ZenModeHelper: The number of this sound is not in ExceptionContacts. flags=-1 matched=false
06-01 05:42:25.384  2942  3552 W doej    : java.io.FileNotFoundException: /proc/2942/dmabuf_rss: open failed: ENOENT (No such file or directory)
06-01 05:42:25.384  2942  3552 W doej    : Caused by: android.system.ErrnoException: open failed: ENOENT (No such file or directory)
06-01 05:42:25.386  2942  3552 W doej    : java.io.FileNotFoundException: /proc/2942/dmabuf_rss_hwm: open failed: ENOENT (No such file or directory)
06-01 05:42:25.386  2942  3552 W doej    : Caused by: android.system.ErrnoException: open failed: ENOENT (No such file or directory)
06-01 05:42:25.388  2942  3552 W doej    : java.io.FileNotFoundException: /proc/2942/dmabuf_pss: open failed: ENOENT (No such file or directory)
06-01 05:42:25.388  2942  3552 W doej    : Caused by: android.system.ErrnoException: open failed: ENOENT (No such file or directory)
06-01 05:45:12.074  4586  4586 D d       : ExceptionHandlerManager not explicitly initialized, using default mode
06-01 05:45:12.074  4586  4586 D d       : initializing exception handler manager, prioritized=true
06-01 05:45:12.503  4462  4676 E GoogleApiManager: java.lang.SecurityException: Unknown calling package name 'com.google.android.gms'.
06-01 05:45:12.503  4462  4676 E GoogleApiManager: 	at android.os.Parcel.createExceptionOrNull(Parcel.java:3355)
06-01 05:45:12.503  4462  4676 E GoogleApiManager: 	at android.os.Parcel.createException(Parcel.java:3339)
06-01 05:45:12.503  4462  4676 E GoogleApiManager: 	at android.os.Parcel.readException(Parcel.java:3322)
06-01 05:45:12.503  4462  4676 E GoogleApiManager: 	at android.os.Parcel.readException(Parcel.java:3264)
06-01 05:45:12.519  4558  4679 I Finsky:background: [375] SettingNotFoundException, fall through to G.downloadBytesOverMobileMaximum
06-01 05:45:12.523  4558  4679 I Finsky:background: [375] SettingNotFoundException, fall through to G.downloadBytesOverMobileRecommended
06-01 05:45:12.528  4462  4676 E GoogleApiManager: java.lang.SecurityException: Unknown calling package name 'com.google.android.gms'.
06-01 05:45:12.528  4462  4676 E GoogleApiManager: 	at android.os.Parcel.createExceptionOrNull(Parcel.java:3355)
06-01 05:45:12.528  4462  4676 E GoogleApiManager: 	at android.os.Parcel.createException(Parcel.java:3339)
06-01 05:45:12.528  4462  4676 E GoogleApiManager: 	at android.os.Parcel.readException(Parcel.java:3322)
06-01 05:45:12.528  4462  4676 E GoogleApiManager: 	at android.os.Parcel.readException(Parcel.java:3264)
06-01 05:45:12.534  4462  4678 W FlagStore: java.util.concurrent.ExecutionException: glrp: 17: 17: API: Phenotype.API is not available on this device. Connection failed with: ConnectionResult{statusCode=DEVELOPER_ERROR, resolution=null, message=null, clientMethodKey=null}
06-01 05:45:22.471  4462  4676 E GoogleApiManager: java.lang.SecurityException: Unknown calling package name 'com.google.android.gms'.
06-01 05:45:22.471  4462  4676 E GoogleApiManager: 	at android.os.Parcel.createExceptionOrNull(Parcel.java:3355)
06-01 05:45:22.471  4462  4676 E GoogleApiManager: 	at android.os.Parcel.createException(Parcel.java:3339)
06-01 05:45:22.471  4462  4676 E GoogleApiManager: 	at android.os.Parcel.readException(Parcel.java:3322)
06-01 05:45:22.471  4462  4676 E GoogleApiManager: 	at android.os.Parcel.readException(Parcel.java:3264)
06-01 05:47:45.219  1729  1729 D ZenModeHelper: The number of this sound is not in ExceptionContacts. flags=-1 matched=false
06-01 05:47:54.933  1729  1729 D ZenModeHelper: The number of this sound is not in ExceptionContacts. flags=-1 matched=false
06-01 05:48:43.864 27275  5281 I NearbySharing: java.lang.InterruptedException
06-01 05:49:16.066  5338  5367 I AndroidRuntime: VM exiting with result code 0, cleanup skipped.
06-01 05:50:52.390 27275  5505 W AsyncOperation: OperationException[Status{statusCode=Stale snapshot for com.google.android.gms.measurement#com.canva.editor(new configuration available), resolution=null}]
06-01 05:52:23.025  1729  3533 W BinderNative: Uncaught exception from death notification
06-01 05:52:23.025  1729  3533 W BinderNative: java.lang.SecurityException: Specified package "com.google.android.googlequicksearchbox" under uid 1000 but it is not
06-01 05:52:23.506  5759  5937 W brella.TrainingJob: java.lang.InterruptedException
06-01 05:52:24.860  1729  1743 W ActivityManager: android.os.DeadObjectException
06-01 05:52:25.524  1729  1742 W BinderNative: Uncaught exception from death notification
06-01 05:52:25.524  1729  1742 W BinderNative: java.lang.SecurityException: Specified package "com.google.android.googlequicksearchbox" under uid 1000 but it is not
06-01 05:52:26.519  1729  2418 W BinderNative: Uncaught exception from death notification
06-01 05:52:26.519  1729  2418 W BinderNative: java.lang.SecurityException: Specified package "com.google.android.apps.photos" under uid 1000 but it is not
06-01 05:52:26.594 22934 23134 E Finsky  : com.google.android.finsky.expressintegrityservice.ExpressIntegrityException
06-01 05:52:28.317 22934 23134 E Finsky  : com.google.android.finsky.expressintegrityservice.ExpressIntegrityException
06-01 05:53:07.714  1729  1729 D ZenModeHelper: The number of this sound is not in ExceptionContacts. flags=-1 matched=false
06-01 05:53:15.035  1729  1729 D ZenModeHelper: The number of this sound is not in ExceptionContacts. flags=-1 matched=false
06-01 05:58:26.710  1729  1729 D ZenModeHelper: The number of this sound is not in ExceptionContacts. flags=-1 matched=false
06-01 05:58:35.130  1729  1729 D ZenModeHelper: The number of this sound is not in ExceptionContacts. flags=-1 matched=false
06-01 06:00:14.891  7119  7119 D d       : ExceptionHandlerManager not explicitly initialized, using default mode
06-01 06:00:14.892  7119  7119 D d       : initializing exception handler manager, prioritized=true
06-01 06:00:16.650  7193  7193 E FeatureFlagsImplExport: android.os.flagging.AconfigStorageReadException: ERROR_PACKAGE_NOT_FOUND: package android.xr cannot be found on the device
06-01 06:03:00.231 27275  7408 I NearbySharing: java.lang.InterruptedException
06-01 06:03:35.634  1729  4321 W BinderNative: Uncaught exception from death notification
06-01 06:03:35.634  1729  4321 W BinderNative: java.lang.SecurityException: Specified package "com.google.android.googlequicksearchbox" under uid 1000 but it is not
06-01 06:03:45.713  1729  1729 D ZenModeHelper: The number of this sound is not in ExceptionContacts. flags=-1 matched=false
06-01 06:03:55.228  1729  1729 D ZenModeHelper: The number of this sound is not in ExceptionContacts. flags=-1 matched=false
06-01 06:05:45.522  1729  1729 E [SS]BattUtils: [readNode]Exception - path:/sys/class/power_supply/battery/batt_read_raw_soc
06-01 06:05:45.522  1729  1729 E [SS]BattUtils: java.io.FileNotFoundException: /sys/class/power_supply/battery/batt_read_raw_soc: open failed: ENOENT (No such file or directory)
06-01 06:05:45.522  1729  1729 E [SS]BattUtils: Caused by: android.system.ErrnoException: open failed: ENOENT (No such file or directory)
06-01 06:05:45.524  1729  1729 E [SS]BattUtils: [readNodeAsInt]NumberFormatException
06-01 06:05:45.570  1729  1729 E [SS]BattUtils: [readNode]Exception - path:/sys/class/power_supply/battery/batt_read_raw_soc
06-01 06:05:45.570  1729  1729 E [SS]BattUtils: java.io.FileNotFoundException: /sys/class/power_supply/battery/batt_read_raw_soc: open failed: ENOENT (No such file or directory)
06-01 06:05:45.570  1729  1729 E [SS]BattUtils: Caused by: android.system.ErrnoException: open failed: ENOENT (No such file or directory)
06-01 06:05:45.570  1729  1729 E [SS]BattUtils: [readNodeAsInt]NumberFormatException
06-01 06:05:45.986  1729  1729 E [SS]BattUtils: [writeNode]Exception:java.io.FileNotFoundException: /sys/class/power_supply/battery/lcd: open failed: EACCES (Permission denied)
06-01 06:05:45.986  1729  1729 W System.err: java.io.FileNotFoundException: /sys/class/power_supply/battery/lcd: open failed: EACCES (Permission denied)
06-01 06:05:45.986  1729  1729 W System.err: Caused by: android.system.ErrnoException: open failed: EACCES (Permission denied)
06-01 06:05:46.000 27275  7264 E LoadedApk: Exception : java.lang.NullPointerException: Attempt to invoke virtual method 'boolean android.os.Looper.isPerfLogEnable()' on a null object reference
06-01 06:05:46.156 27275  7639 E LoadedApk: Exception : java.lang.NullPointerException: Attempt to invoke virtual method 'boolean android.os.Looper.isPerfLogEnable()' on a null object reference
06-01 06:05:46.213 27275  7639 E LoadedApk: Exception : java.lang.NullPointerException: Attempt to invoke virtual method 'boolean android.os.Looper.isPerfLogEnable()' on a null object reference
06-01 06:05:50.090  2176  2176 W System.err: android.database.sqlite.SQLiteException: no such table: table_settings (code 1 SQLITE_ERROR[1]): , while compiling: SELECT * FROM table_settings WHERE (SETTING_KEY=?)
06-01 06:05:50.811  1729  1729 E [SS]BattUtils: [writeNode]Exception:java.io.FileNotFoundException: /sys/class/power_supply/battery/lcd: open failed: EACCES (Permission denied)
06-01 06:05:50.811  1729  1729 W System.err: java.io.FileNotFoundException: /sys/class/power_supply/battery/lcd: open failed: EACCES (Permission denied)
06-01 06:05:50.811  1729  1729 W System.err: Caused by: android.system.ErrnoException: open failed: EACCES (Permission denied)
06-01 06:05:50.854 27275  7264 E LoadedApk: Exception : java.lang.NullPointerException: Attempt to invoke virtual method 'boolean android.os.Looper.isPerfLogEnable()' on a null object reference
06-01 06:05:50.919  2176  2176 W Bundle  : Attempt to cast generated internal exception:
06-01 06:05:50.919  2176  2176 W Bundle  : java.lang.ClassCastException: java.lang.Integer cannot be cast to java.lang.String
06-01 06:05:50.924  2176  2176 W Bundle  : Attempt to cast generated internal exception:
06-01 06:05:50.924  2176  2176 W Bundle  : java.lang.ClassCastException: java.lang.Integer cannot be cast to java.lang.String
06-01 06:05:50.989 27275  7645 E LoadedApk: Exception : java.lang.NullPointerException: Attempt to invoke virtual method 'boolean android.os.Looper.isPerfLogEnable()' on a null object reference
06-01 06:05:50.997 27275  7645 E LoadedApk: Exception : java.lang.NullPointerException: Attempt to invoke virtual method 'boolean android.os.Looper.isPerfLogEnable()' on a null object reference
06-01 06:07:46.311  1729  1864 E [SS]BattUtils: [readNode]Exception - path:/sys/class/power_supply/battery/batt_read_raw_soc
06-01 06:07:46.311  1729  1864 E [SS]BattUtils: java.io.FileNotFoundException: /sys/class/power_supply/battery/batt_read_raw_soc: open failed: ENOENT (No such file or directory)
06-01 06:07:46.311  1729  1864 E [SS]BattUtils: Caused by: android.system.ErrnoException: open failed: ENOENT (No such file or directory)
06-01 06:07:46.312  1729  1864 E [SS]BattUtils: [readNodeAsInt]NumberFormatException
06-01 06:07:47.431  7830  7830 W System.err: java.lang.NullPointerException: Attempt to invoke virtual method 'boolean android.net.NetworkCapabilities.hasTransport(int)' on a null object reference
06-01 06:07:48.738  7961  8026 W bvah    : java.text.ParseException: Unparseable number: "ve"
06-01 06:07:48.845  7961  8028 W bvah    : java.text.ParseException: Unparseable number: "ve"
06-01 06:07:51.808  7921  8013 W System.err: java.util.concurrent.CancellationException: Finish coroutine session
06-01 06:07:51.810  7921  8013 W GWT:PreviewSessionManager: [daemonapp] PreviewSession is finished by java.util.concurrent.CancellationException: Finish coroutine session
06-01 06:07:52.316  7921  8002 W System.err: java.util.concurrent.CancellationException: Finish coroutine session
06-01 06:07:52.317  7921  8002 W GWT:PreviewSessionManager: [daemonapp] PreviewSession is finished by java.util.concurrent.CancellationException: Finish coroutine session
06-01 06:07:52.502  8075  8123 E SamsungAccountRepositoryImpl: SARequestException com.samsung.android.app.spage.common.account.p: NoNetworkException
06-01 06:35:38.537  1729  1864 E [SS]BattUtils: [readNode]Exception - path:/sys/class/power_supply/battery/batt_read_raw_soc
06-01 06:35:38.537  1729  1864 E [SS]BattUtils: java.io.FileNotFoundException: /sys/class/power_supply/battery/batt_read_raw_soc: open failed: ENOENT (No such file or directory)
06-01 06:35:38.537  1729  1864 E [SS]BattUtils: Caused by: android.system.ErrnoException: open failed: ENOENT (No such file or directory)
06-01 06:35:38.537  1729  1864 E [SS]BattUtils: [readNodeAsInt]NumberFormatException
06-01 06:35:40.032  1729  1729 D ZenModeHelper: The number of this sound is not in ExceptionContacts. flags=-1 matched=false
06-01 06:35:40.054  1729  1729 D ZenModeHelper: The number of this sound is not in ExceptionContacts. flags=-1 matched=false
06-01 06:35:43.125  8690  8690 W EarlyExceptionHandler: Early UncaughtException handler initialized
06-01 06:35:44.144  1729  6827 E AppOpService: java.lang.RuntimeException
06-01 06:35:44.167  1729  6827 E AppOpService: java.lang.RuntimeException
06-01 06:35:44.177  1729  6827 E AppOpService: java.lang.RuntimeException
06-01 06:35:44.333  1729  6827 E AppOpService: java.lang.RuntimeException
06-01 06:35:44.825  1729  6827 E AppOpService: java.lang.RuntimeException
